Component: ARM Compiler 5.06 update 6 (build 750) Tool: armlink [4d35ed]

==============================================================================

Section Cross References

    startup_stm32f103xb.o(STACK) refers (Special) to heapauxi.o(.text) for __use_two_region_memory
    startup_stm32f103xb.o(HEAP) refers (Special) to heapauxi.o(.text) for __use_two_region_memory
    startup_stm32f103xb.o(RESET) refers (Special) to heapauxi.o(.text) for __use_two_region_memory
    startup_stm32f103xb.o(RESET) refers to startup_stm32f103xb.o(STACK) for __initial_sp
    startup_stm32f103xb.o(RESET) refers to startup_stm32f103xb.o(.text) for Reset_Handler
    startup_stm32f103xb.o(RESET) refers to stm32f1xx_it.o(i.NMI_Handler) for NMI_Handler
    startup_stm32f103xb.o(RESET) refers to stm32f1xx_it.o(i.HardFault_Handler) for HardFault_Handler
    startup_stm32f103xb.o(RESET) refers to stm32f1xx_it.o(i.MemManage_Handler) for MemManage_Handler
    startup_stm32f103xb.o(RESET) refers to stm32f1xx_it.o(i.BusFault_Handler) for BusFault_Handler
    startup_stm32f103xb.o(RESET) refers to stm32f1xx_it.o(i.UsageFault_Handler) for UsageFault_Handler
    startup_stm32f103xb.o(RESET) refers to stm32f1xx_it.o(i.SVC_Handler) for SVC_Handler
    startup_stm32f103xb.o(RESET) refers to stm32f1xx_it.o(i.DebugMon_Handler) for DebugMon_Handler
    startup_stm32f103xb.o(RESET) refers to stm32f1xx_it.o(i.PendSV_Handler) for PendSV_Handler
    startup_stm32f103xb.o(RESET) refers to stm32f1xx_it.o(i.SysTick_Handler) for SysTick_Handler
    startup_stm32f103xb.o(RESET) refers to stm32f1xx_it.o(i.TIM2_IRQHandler) for TIM2_IRQHandler
    startup_stm32f103xb.o(RESET) refers to main.o(i.USART3_IRQHandler) for USART3_IRQHandler
    startup_stm32f103xb.o(.text) refers (Special) to heapauxi.o(.text) for __use_two_region_memory
    startup_stm32f103xb.o(.text) refers to system_stm32f1xx.o(i.SystemInit) for SystemInit
    startup_stm32f103xb.o(.text) refers to __main.o(!!!main) for __main
    startup_stm32f103xb.o(.text) refers to startup_stm32f103xb.o(HEAP) for Heap_Mem
    startup_stm32f103xb.o(.text) refers to startup_stm32f103xb.o(STACK) for Stack_Mem
    main.o(i.Anti_windup) refers to fflt_clz.o(x$fpl$ffltu) for __aeabi_ui2f
    main.o(i.Anti_windup) refers to fleqf.o(x$fpl$fleqf) for __aeabi_cfcmple
    main.o(i.Anti_windup) refers to frleqf.o(x$fpl$frleqf) for __aeabi_cfrcmple
    main.o(i.Anti_windup) refers to faddsub_clz.o(x$fpl$fsub) for __aeabi_fsub
    main.o(i.Anti_windup) refers to f2d.o(x$fpl$f2d) for __aeabi_f2d
    main.o(i.Anti_windup) refers to dmul.o(x$fpl$dmul) for __aeabi_dmul
    main.o(i.Anti_windup) refers to d2f.o(x$fpl$d2f) for __aeabi_d2f
    main.o(i.Average_5_times) refers to faddsub_clz.o(x$fpl$fadd) for __aeabi_fadd
    main.o(i.Average_5_times) refers to fdiv.o(x$fpl$fdiv) for __aeabi_fdiv
    main.o(i.HAL_TIM_PeriodElapsedCallback) refers to main.o(i.rotateDC) for rotateDC
    main.o(i.HAL_TIM_PeriodElapsedCallback) refers to dflt_clz.o(x$fpl$dflt) for __aeabi_i2d
    main.o(i.HAL_TIM_PeriodElapsedCallback) refers to ddiv.o(x$fpl$ddiv) for __aeabi_ddiv
    main.o(i.HAL_TIM_PeriodElapsedCallback) refers to d2f.o(x$fpl$d2f) for __aeabi_d2f
    main.o(i.HAL_TIM_PeriodElapsedCallback) refers to main.o(i.Average_5_times) for Average_5_times
    main.o(i.HAL_TIM_PeriodElapsedCallback) refers to f2d.o(x$fpl$f2d) for __aeabi_f2d
    main.o(i.HAL_TIM_PeriodElapsedCallback) refers to main.o(i.PID_WL) for PID_WL
    main.o(i.HAL_TIM_PeriodElapsedCallback) refers to main.o(i.PID_WR) for PID_WR
    main.o(i.HAL_TIM_PeriodElapsedCallback) refers to main.o(i.Anti_windup) for Anti_windup
    main.o(i.HAL_TIM_PeriodElapsedCallback) refers to daddsub_clz.o(x$fpl$dadd) for __aeabi_dadd
    main.o(i.HAL_TIM_PeriodElapsedCallback) refers to dfixu.o(x$fpl$dfixu) for __aeabi_d2uiz
    main.o(i.HAL_TIM_PeriodElapsedCallback) refers to dflt_clz.o(x$fpl$dfltu) for __aeabi_ui2d
    main.o(i.HAL_TIM_PeriodElapsedCallback) refers to round.o(i.round) for round
    main.o(i.HAL_TIM_PeriodElapsedCallback) refers to ffixu.o(x$fpl$ffixu) for __aeabi_f2uiz
    main.o(i.HAL_TIM_PeriodElapsedCallback) refers to dmul.o(x$fpl$dmul) for __aeabi_dmul
    main.o(i.HAL_TIM_PeriodElapsedCallback) refers to faddsub_clz.o(x$fpl$fadd) for __aeabi_fadd
    main.o(i.HAL_TIM_PeriodElapsedCallback) refers to scalbnf.o(x$fpl$scalbnf) for __ARM_scalbnf
    main.o(i.HAL_TIM_PeriodElapsedCallback) refers to main.o(.data) for .data
    main.o(i.HAL_TIM_PeriodElapsedCallback) refers to main.o(.bss) for .bss
    main.o(i.MX_GPIO_Init) refers to stm32f1xx_hal_gpio.o(i.HAL_GPIO_WritePin) for HAL_GPIO_WritePin
    main.o(i.MX_GPIO_Init) refers to stm32f1xx_hal_gpio.o(i.HAL_GPIO_Init) for HAL_GPIO_Init
    main.o(i.MX_TIM1_Init) refers to rt_memclr_w.o(.text) for __aeabi_memclr4
    main.o(i.MX_TIM1_Init) refers to stm32f1xx_hal_tim.o(i.HAL_TIM_PWM_Init) for HAL_TIM_PWM_Init
[...]
    ../clib/signal.c                         0x00000000   Number         0  defsig_general.o ABSOLUTE
    ../clib/signal.c                         0x00000000   Number         0  defsig_other.o ABSOLUTE
    ../clib/signal.c                         0x00000000   Number         0  defsig_segv_inner.o ABSOLUTE
    ../clib/signal.c                         0x00000000   Number         0  defsig_cppl_inner.o ABSOLUTE
    ../clib/signal.c                         0x00000000   Number         0  defsig_pvfn_inner.o ABSOLUTE
    ../clib/signal.c                         0x00000000   Number         0  defsig_stak_inner.o ABSOLUTE
    ../clib/signal.c                         0x00000000   Number         0  defsig_rtred_inner.o ABSOLUTE
    ../clib/signal.s                         0x00000000   Number         0  defsig.o ABSOLUTE
    ../clib/stdlib.c                         0x00000000   Number         0  exit.o ABSOLUTE
    ../fplib/d2f.s                           0x00000000   Number         0  d2f.o ABSOLUTE
    ../fplib/daddsub.s                       0x00000000   Number         0  daddsub_clz.o ABSOLUTE
    ../fplib/dcmpi.s                         0x00000000   Number         0  dcmpi.o ABSOLUTE
    ../fplib/ddiv.s                          0x00000000   Number         0  ddiv.o ABSOLUTE
    ../fplib/dfixu.s                         0x00000000   Number         0  dfixu.o ABSOLUTE
    ../fplib/dflt.s                          0x00000000   Number         0  dflt_clz.o ABSOLUTE
    ../fplib/dleqf.s                         0x00000000   Number         0  dleqf.o ABSOLUTE
    ../fplib/dmul.s                          0x00000000   Number         0  dmul.o ABSOLUTE
    ../fplib/dnaninf.s                       0x00000000   Number         0  dnaninf.o ABSOLUTE
    ../fplib/dretinf.s                       0x00000000   Number         0  dretinf.o ABSOLUTE
    ../fplib/drleqf.s                        0x00000000   Number         0  drleqf.o ABSOLUTE
    ../fplib/drnd.s                          0x00000000   Number         0  drnd.o ABSOLUTE
    ../fplib/f2d.s                           0x00000000   Number         0  f2d.o ABSOLUTE
    ../fplib/faddsub.s                       0x00000000   Number         0  faddsub_clz.o ABSOLUTE
    ../fplib/fcheck1.s                       0x00000000   Number         0  fcheck1.o ABSOLUTE
    ../fplib/fcmpi.s                         0x00000000   Number         0  fcmpi.o ABSOLUTE
    ../fplib/fdiv.s                          0x00000000   Number         0  fdiv.o ABSOLUTE
    ../fplib/ffixu.s                         0x00000000   Number         0  ffixu.o ABSOLUTE
    ../fplib/fflt.s                          0x00000000   Number         0  fflt_clz.o ABSOLUTE
    ../fplib/fleqf.s                         0x00000000   Number         0  fleqf.o ABSOLUTE
    ../fplib/fmul.s                          0x00000000   Number         0  fmul.o ABSOLUTE
    ../fplib/fnaninf.s                       0x00000000   Number         0  fnaninf.o ABSOLUTE
    ../fplib/fpinit.s                        0x00000000   Number         0  fpinit.o ABSOLUTE
    ../fplib/fretinf.s                       0x00000000   Number         0  fretinf.o ABSOLUTE
    ../fplib/frleqf.s                        0x00000000   Number         0  frleqf.o ABSOLUTE
    ../fplib/retnan.s                        0x00000000   Number         0  retnan.o ABSOLUTE
    ../fplib/scalbnf.s                       0x00000000   Number         0  scalbnf.o ABSOLUTE
    ../fplib/trapv.s                         0x00000000   Number         0  trapv.o ABSOLUTE
    ../fplib/usenofp.s                       0x00000000   Number         0  usenofp.o ABSOLUTE
    ../mathlib/round.c                       0x00000000   Number         0  round.o ABSOLUTE
    ..\Core\Src\main.c                       0x00000000   Number         0  main.o ABSOLUTE
    ..\Core\Src\stm32f1xx_hal_msp.c          0x00000000   Number         0  stm32f1xx_hal_msp.o ABSOLUTE
    ..\Core\Src\stm32f1xx_it.c               0x00000000   Number         0  stm32f1xx_it.o ABSOLUTE
    ..\Core\Src\system_stm32f1xx.c           0x00000000   Number         0  system_stm32f1xx.o ABSOLUTE
    ..\Drivers\STM32F1xx_HAL_Driver\Src\stm32f1xx_hal.c 0x00000000   Number         0  stm32f1xx_hal.o ABSOLUTE
    ..\Drivers\STM32F1xx_HAL_Driver\Src\stm32f1xx_hal_cortex.c 0x00000000   Number         0  stm32f1xx_hal_cortex.o ABSOLUTE
    ..\Drivers\STM32F1xx_HAL_Driver\Src\stm32f1xx_hal_dma.c 0x00000000   Number         0  stm32f1xx_hal_dma.o ABSOLUTE
    ..\Drivers\STM32F1xx_HAL_Driver\Src\stm32f1xx_hal_exti.c 0x00000000   Number         0  stm32f1xx_hal_exti.o ABSOLUTE
    ..\Drivers\STM32F1xx_HAL_Driver\Src\stm32f1xx_hal_flash.c 0x00000000   Number         0  stm32f1xx_hal_flash.o ABSOLUTE
    ..\Drivers\STM32F1xx_HAL_Driver\Src\stm32f1xx_hal_flash_ex.c 0x00000000   Number         0  stm32f1xx_hal_flash_ex.o ABSOLUTE
    ..\Drivers\STM32F1xx_HAL_Driver\Src\stm32f1xx_hal_gpio.c 0x00000000   Number         0  stm32f1xx_hal_gpio.o ABSOLUTE
    ..\Drivers\STM32F1xx_HAL_Driver\Src\stm32f1xx_hal_gpio_ex.c 0x00000000   Number         0  stm32f1xx_hal_gpio_ex.o ABSOLUTE
    ..\Drivers\STM32F1xx_HAL_Driver\Src\stm32f1xx_hal_pwr.c 0x00000000   Number         0  stm32f1xx_hal_pwr.o ABSOLUTE
    ..\Drivers\STM32F1xx_HAL_Driver\Src\stm32f1xx_hal_rcc.c 0x00000000   Number         0  stm32f1xx_hal_rcc.o ABSOLUTE
    ..\Drivers\STM32F1xx_HAL_Driver\Src\stm32f1xx_hal_rcc_ex.c 0x00000000   Number         0  stm32f1xx_hal_rcc_ex.o ABSOLUTE
    ..\Drivers\STM32F1xx_HAL_Driver\Src\stm32f1xx_hal_tim.c 0x00000000   Number         0  stm32f1xx_hal_tim.o ABSOLUTE
    ..\Drivers\STM32F1xx_HAL_Driver\Src\stm32f1xx_hal_tim_ex.c 0x00000000   Number         0  stm32f1xx_hal_tim_ex.o ABSOLUTE
    ..\Drivers\STM32F1xx_HAL_Driver\Src\stm32f1xx_hal_uart.c 0x00000000   Number         0  stm32f1xx_hal_uart.o ABSOLUTE
    dc.s                                     0x00000000   Number         0  dc.o ABSOLUTE
    startup_stm32f103xb.s                    0x00000000   Number         0  startup_stm32f103xb.o ABSOLUTE
    RESET                                    0x08000000   Section      236  startup_stm32f103xb.o(RESET)
    !!!main                                  0x080000ec   Section        8  __main.o(!!!main)
    !!!scatter                               0x080000f4   Section       52  __scatter.o(!!!scatter)
    !!handler_copy                           0x08000128   Section       26  __scatter_copy.o(!!handler_copy)
    !!handler_zi                             0x08000144   Section       28  __scatter_zi.o(!!handler_zi)
    .ARM.Collect$$libinit$$00000000          0x08000160   Section        2  libinit.o(.ARM.Collect$$libinit$$00000000)
    .ARM.Collect$$libinit$$00000002          0x08000162   Section        0  libinit2.o(.ARM.Collect$$libinit$$00000002)
    .ARM.Collect$$libinit$$00000004          0x08000162   Section        0  libinit2.o(.ARM.Collect$$libinit$$00000004)
    .ARM.Collect$$libinit$$0000000A          0x08000162   Section        0  libinit2.o(.ARM.Collect$$libinit$$0000000A)
    .ARM.Collect$$libinit$$0000000C          0x08000162   Section        0  libinit2.o(.ARM.Collect$$libinit$$0000000C)
    .ARM.Collect$$libinit$$0000000E          0x08000162   Section        0  libinit2.o(.ARM.Collect$$libinit$$0000000E)
    .ARM.Collect$$libinit$$0000000F          0x08000162   Section        6  libinit2.o(.ARM.Collect$$libinit$$0000000F)
    .ARM.Collect$$libinit$$00000011          0x08000168   Section        0  libinit2.o(.ARM.Collect$$libinit$$00000011)
    .ARM.Collect$$libinit$$00000012          0x08000168   Section       12  libinit2.o(.ARM.Collect$$libinit$$00000012)
    .ARM.Collect$$libinit$$00000013          0x08000174   Section        0  libinit2.o(.ARM.Collect$$libinit$$00000013)
    .ARM.Collect$$libinit$$00000015          0x08000174   Section        0  libinit2.o(.ARM.Collect$$libinit$$00000015)
    .ARM.Collect$$libinit$$00000017          0x08000174   Section        0  libinit2.o(.ARM.Collect$$libinit$$00000017)
    .ARM.Collect$$libinit$$00000019          0x08000174   Section        0  libinit2.o(.ARM.Collect$$libinit$$00000019)
    .ARM.Collect$$libinit$$0000001B          0x08000174   Section        0  libinit2.o(.ARM.Collect$$libinit$$0000001B)
    .ARM.Collect$$libinit$$0000001D          0x08000174   Section        0  libinit2.o(.ARM.Collect$$libinit$$0000001D)
    .ARM.Collect$$libinit$$0000001F          0x08000174   Section        0  libinit2.o(.ARM.Collect$$libinit$$0000001F)
    .ARM.Collect$$libinit$$00000021          0x08000174   Section        0  libinit2.o(.ARM.Collect$$libinit$$00000021)
    .ARM.Collect$$libinit$$00000023          0x08000174   Section        0  libinit2.o(.ARM.Collect$$libinit$$00000023)
    .ARM.Collect$$libinit$$00000025          0x08000174   Section        0  libinit2.o(.ARM.Collect$$libinit$$00000025)
    .ARM.Collect$$libinit$$0000002C          0x08000174   Section        0  libinit2.o(.ARM.Collect$$libinit$$0000002C)
    .ARM.Collect$$libinit$$0000002E          0x08000174   Section        0  libinit2.o(.ARM.Collect$$libinit$$0000002E)
    .ARM.Collect$$libinit$$00000030          0x08000174   Section        0  libinit2.o(.ARM.Collect$$libinit$$00000030)
    .ARM.Collect$$libinit$$00000032          0x08000174   Section        0  libinit2.o(.ARM.Collect$$libinit$$00000032)
    .ARM.Collect$$libinit$$00000033          0x08000174   Section        2  libinit2.o(.ARM.Collect$$libinit$$00000033)
    .ARM.Collect$$libshutdown$$00000000      0x08000176   Section        2  libshutdown.o(.ARM.Collect$$libshutdown$$00000000)
    .ARM.Collect$$libshutdown$$00000002      0x08000178   Section        0  libshutdown2.o(.ARM.Collect$$libshutdown$$00000002)
    .ARM.Collect$$libshutdown$$00000004      0x08000178   Section        0  libshutdown2.o(.ARM.Collect$$libshutdown$$00000004)
    .ARM.Collect$$libshutdown$$00000007      0x08000178   Section        0  libshutdown2.o(.ARM.Collect$$libshutdown$$00000007)
    .ARM.Collect$$libshutdown$$0000000A      0x08000178   Section        0  libshutdown2.o(.ARM.Collect$$libshutdown$$0000000A)
    .ARM.Collect$$libshutdown$$0000000C      0x08000178   Section        0  libshutdown2.o(.ARM.Collect$$libshutdown$$0000000C)
    .ARM.Collect$$libshutdown$$0000000F      0x08000178   Section        0  libshutdown2.o(.ARM.Collect$$libshutdown$$0000000F)
    .ARM.Collect$$libshutdown$$00000010      0x08000178   Section        2  libshutdown2.o(.ARM.Collect$$libshutdown$$00000010)
    .ARM.Collect$$rtentry$$00000000          0x0800017a   Section        0  __rtentry.o(.ARM.Collect$$rtentry$$00000000)
    .ARM.Collect$$rtentry$$00000002          0x0800017a   Section        0  __rtentry2.o(.ARM.Collect$$rtentry$$00000002)
    .ARM.Collect$$rtentry$$00000004          0x0800017a   Section        6  __rtentry4.o(.ARM.Collect$$rtentry$$00000004)
    .ARM.Collect$$rtentry$$00000009          0x08000180   Section        0  __rtentry2.o(.ARM.Collect$$rtentry$$00000009)
    .ARM.Collect$$rtentry$$0000000A          0x08000180   Section        4  __rtentry2.o(.ARM.Collect$$rtentry$$0000000A)
    .ARM.Collect$$rtentry$$0000000C          0x08000184   Section        0  __rtentry2.o(.ARM.Collect$$rtentry$$0000000C)
    .ARM.Collect$$rtentry$$0000000D          0x08000184   Section        8  __rtentry2.o(.ARM.Collect$$rtentry$$0000000D)
    .ARM.Collect$$rtexit$$00000000           0x0800018c   Section        2  rtexit.o(.ARM.Collect$$rtexit$$00000000)
    .ARM.Collect$$rtexit$$00000002           0x0800018e   Section        0  rtexit2.o(.ARM.Collect$$rtexit$$00000002)
    .ARM.Collect$$rtexit$$00000003           0x0800018e   Section        4  rtexit2.o(.ARM.Collect$$rtexit$$00000003)
    .ARM.Collect$$rtexit$$00000004           0x08000192   Section        6  rtexit2.o(.ARM.Collect$$rtexit$$00000004)
    .text                                    0x08000198   Section       64  startup_stm32f103xb.o(.text)
    .text                                    0x080001d8   Section        0  __0sscanf.o(.text)
    .text                                    0x08000214   Section        0  _scanf_int.o(.text)
    .text                                    0x08000360   Section       78  rt_memclr_w.o(.text)
    .text                                    0x080003ae   Section        0  heapauxi.o(.text)
    .text                                    0x080003b4   Section        0  _chval.o(.text)
    .text                                    0x080003d0   Section        0  scanf_char.o(.text)
    _scanf_char_input                        0x080003d1   Thumb Code    12  scanf_char.o(.text)
    .text                                    0x080003fc   Section        0  _sgetc.o(.text)
    .text                                    0x0800043c   Section        0  isspace.o(.text)
    .text                                    0x08000450   Section        0  _scanf.o(.text)
    .text                                    0x080007c4   Section       74  sys_stackheap_outer.o(.text)
    .text                                    0x08000810   Section       16  rt_ctype_table.o(.text)
    .text                                    0x08000820   Section        0  exit.o(.text)
    .text                                    0x08000834   Section        8  libspace.o(.text)
    .text                                    0x0800083c   Section        8  rt_locale_intlibspace.o(.text)
    .text                                    0x08000844   Section      128  strcmpv7m.o(.text)
    .text                                    0x080008c4   Section        0  sys_exit.o(.text)
    .text                                    0x080008d0   Section        2  use_no_semi.o(.text)
    .text                                    0x080008d2   Section        0  indicate_semi.o(.text)
    i.Anti_windup                            0x080008d4   Section        0  main.o(i.Anti_windup)
    i.Average_5_times                        0x08000940   Section        0  main.o(i.Average_5_times)
    i.BusFault_Handler                       0x08000978   Section        0  stm32f1xx_it.o(i.BusFault_Handler)
    i.DebugMon_Handler                       0x0800097a   Section        0  stm32f1xx_it.o(i.DebugMon_Handler)
    i.HAL_GPIO_Init                          0x0800097c   Section        0  stm32f1xx_hal_gpio.o(i.HAL_GPIO_Init)
    i.HAL_GPIO_WritePin                      0x08000b5c   Section        0  stm32f1xx_hal_gpio.o(i.HAL_GPIO_WritePin)
    i.HAL_GetTick                            0x08000b68   Section        0  stm32f1xx_hal.o(i.HAL_GetTick)
    i.HAL_IncTick                            0x08000b74   Section        0  stm32f1xx_hal.o(i.HAL_IncTick)
    i.HAL_Init                               0x08000b84   Section        0  stm32f1xx_hal.o(i.HAL_Init)
    i.HAL_InitTick                           0x08000ba8   Section        0  stm32f1xx_hal.o(i.HAL_InitTick)
    i.HAL_MspInit                            0x08000be8   Section        0  stm32f1xx_hal_msp.o(i.HAL_MspInit)
    i.HAL_NVIC_EnableIRQ                     0x08000c24   Section        0  stm32f1xx_hal_cortex.o(i.HAL_NVIC_EnableIRQ)
    i.HAL_NVIC_SetPriority                   0x08000c40   Section        0  stm32f1xx_hal_cortex.o(i.HAL_NVIC_SetPriority)
    i.HAL_NVIC_SetPriorityGrouping           0x08000c80   Section        0  stm32f1xx_hal_cortex.o(i.HAL_NVIC_SetPriorityGrouping)
    i.HAL_RCC_ClockConfig                    0x08000ca4   Section        0  stm32f1xx_hal_rcc.o(i.HAL_RCC_ClockConfig)
    i.HAL_RCC_GetSysClockFreq                0x08000dd0   Section        0  stm32f1xx_hal_rcc.o(i.HAL_RCC_GetSysClockFreq)
    i.HAL_RCC_OscConfig                      0x08000e1c   Section        0  stm32f1xx_hal_rcc.o(i.HAL_RCC_OscConfig)
    i.HAL_SYSTICK_Config                     0x0800113c   Section        0  stm32f1xx_hal_cortex.o(i.HAL_SYSTICK_Config)
    i.HAL_TIMEx_BreakCallback                0x08001164   Section        0  stm32f1xx_hal_tim_ex.o(i.HAL_TIMEx_BreakCallback)
    i.HAL_TIMEx_CommutCallback               0x08001166   Section        0  stm32f1xx_hal_tim_ex.o(i.HAL_TIMEx_CommutCallback)
    i.HAL_TIMEx_ConfigBreakDeadTime          0x08001168   Section        0  stm32f1xx_hal_tim_ex.o(i.HAL_TIMEx_ConfigBreakDeadTime)
    i.HAL_TIMEx_MasterConfigSynchronization  0x080011bc   Section        0  stm32f1xx_hal_tim_ex.o(i.HAL_TIMEx_MasterConfigSynchronization)
    i.HAL_TIM_Base_Init                      0x08001224   Section        0  stm32f1xx_hal_tim.o(i.HAL_TIM_Base_Init)
    i.HAL_TIM_Base_MspInit                   0x08001280   Section        0  stm32f1xx_hal_msp.o(i.HAL_TIM_Base_MspInit)
    i.HAL_TIM_Base_Start_IT                  0x080012b8   Section        0  stm32f1xx_hal_tim.o(i.HAL_TIM_Base_Start_IT)
    i.HAL_TIM_ConfigClockSource              0x08001310   Section        0  stm32f1xx_hal_tim.o(i.HAL_TIM_ConfigClockSource)
    i.HAL_TIM_Encoder_Init                   0x080013ec   Section        0  stm32f1xx_hal_tim.o(i.HAL_TIM_Encoder_Init)
    i.HAL_TIM_Encoder_MspInit                0x08001490   Section        0  stm32f1xx_hal_msp.o(i.HAL_TIM_Encoder_MspInit)
    i.HAL_TIM_Encoder_Start                  0x08001520   Section        0  stm32f1xx_hal_tim.o(i.HAL_TIM_Encoder_Start)
    i.HAL_TIM_IC_CaptureCallback             0x080015ae   Section        0  stm32f1xx_hal_tim.o(i.HAL_TIM_IC_CaptureCallback)
    i.HAL_TIM_IRQHandler                     0x080015b0   Section        0  stm32f1xx_hal_tim.o(i.HAL_TIM_IRQHandler)
    i.HAL_TIM_MspPostInit                    0x08001718   Section        0  stm32f1xx_hal_msp.o(i.HAL_TIM_MspPostInit)
    i.HAL_TIM_OC_DelayElapsedCallback        0x08001764   Section        0  stm32f1xx_hal_tim.o(i.HAL_TIM_OC_DelayElapsedCallback)
    i.HAL_TIM_PWM_ConfigChannel              0x08001766   Section        0  stm32f1xx_hal_tim.o(i.HAL_TIM_PWM_ConfigChannel)
    i.HAL_TIM_PWM_Init                       0x08001832   Section        0  stm32f1xx_hal_tim.o(i.HAL_TIM_PWM_Init)
    i.HAL_TIM_PWM_MspInit                    0x0800188c   Section        0  stm32f1xx_hal_msp.o(i.HAL_TIM_PWM_MspInit)
    i.HAL_TIM_PWM_PulseFinishedCallback      0x080018b4   Section        0  stm32f1xx_hal_tim.o(i.HAL_TIM_PWM_PulseFinishedCallback)
    i.HAL_TIM_PWM_Start                      0x080018b8   Section        0  stm32f1xx_hal_tim.o(i.HAL_TIM_PWM_Start)
    i.HAL_TIM_PeriodElapsedCallback          0x08001954   Section        0  main.o(i.HAL_TIM_PeriodElapsedCallback)
    i.HAL_TIM_TriggerCallback                0x08001b84   Section        0  stm32f1xx_hal_tim.o(i.HAL_TIM_TriggerCallback)
    i.HAL_UART_Receive_IT                    0x08001b86   Section        0  stm32f1xx_hal_uart.o(i.HAL_UART_Receive_IT)
    i.HardFault_Handler                      0x08001ba2   Section        0  stm32f1xx_it.o(i.HardFault_Handler)
    i.MX_GPIO_Init                           0x08001ba4   Section        0  main.o(i.MX_GPIO_Init)
    MX_GPIO_Init                             0x08001ba5   Thumb Code   102  main.o(i.MX_GPIO_Init)
    i.MX_TIM1_Init                           0x08001c14   Section        0  main.o(i.MX_TIM1_Init)
    MX_TIM1_Init                             0x08001c15   Thumb Code   168  main.o(i.MX_TIM1_Init)
    i.MX_TIM2_Init                           0x08001cc4   Section        0  main.o(i.MX_TIM2_Init)
    MX_TIM2_Init                             0x08001cc5   Thumb Code    96  main.o(i.MX_TIM2_Init)
    i.MX_TIM3_Init                           0x08001d28   Section        0  main.o(i.MX_TIM3_Init)
    MX_TIM3_Init                             0x08001d29   Thumb Code   100  main.o(i.MX_TIM3_Init)
    i.MX_TIM4_Init                           0x08001d94   Section        0  main.o(i.MX_TIM4_Init)
    MX_TIM4_Init                             0x08001d95   Thumb Code   102  main.o(i.MX_TIM4_Init)
    i.MemManage_Handler                      0x08001e04   Section        0  stm32f1xx_it.o(i.MemManage_Handler)
    i.NMI_Handler                            0x08001e06   Section        0  stm32f1xx_it.o(i.NMI_Handler)
    i.PID_WL                                 0x08001e08   Section        0  main.o(i.PID_WL)
    i.PID_WR                                 0x08001ea0   Section        0  main.o(i.PID_WR)
    i.PendSV_Handler                         0x08001f34   Section        0  stm32f1xx_it.o(i.PendSV_Handler)
    i.SVC_Handler                            0x08001f36   Section        0  stm32f1xx_it.o(i.SVC_Handler)
    i.SysTick_Handler                        0x08001f38   Section        0  stm32f1xx_it.o(i.SysTick_Handler)
    i.SystemClock_Config                     0x08001f3c   Section        0  main.o(i.SystemClock_Config)
    i.SystemInit                             0x08001f9a   Section        0  system_stm32f1xx.o(i.SystemInit)
    i.TIM2_IRQHandler                        0x08001f9c   Section        0  stm32f1xx_it.o(i.TIM2_IRQHandler)
    i.TIM_Base_SetConfig                     0x08001fa8   Section        0  stm32f1xx_hal_tim.o(i.TIM_Base_SetConfig)
    i.TIM_CCxChannelCmd                      0x08002014   Section        0  stm32f1xx_hal_tim.o(i.TIM_CCxChannelCmd)
    i.TIM_ETR_SetConfig                      0x0800202e   Section        0  stm32f1xx_hal_tim.o(i.TIM_ETR_SetConfig)
    i.TIM_ITRx_SetConfig                     0x08002042   Section        0  stm32f1xx_hal_tim.o(i.TIM_ITRx_SetConfig)
    TIM_ITRx_SetConfig                       0x08002043   Thumb Code    16  stm32f1xx_hal_tim.o(i.TIM_ITRx_SetConfig)
    i.TIM_OC1_SetConfig                      0x08002054   Section        0  stm32f1xx_hal_tim.o(i.TIM_OC1_SetConfig)
    TIM_OC1_SetConfig                        0x08002055   Thumb Code    74  stm32f1xx_hal_tim.o(i.TIM_OC1_SetConfig)
    i.TIM_OC2_SetConfig                      0x080020a4   Section        0  stm32f1xx_hal_tim.o(i.TIM_OC2_SetConfig)
    i.TIM_OC3_SetConfig                      0x080020fc   Section        0  stm32f1xx_hal_tim.o(i.TIM_OC3_SetConfig)
    TIM_OC3_SetConfig                        0x080020fd   Thumb Code    82  stm32f1xx_hal_tim.o(i.TIM_OC3_SetConfig)
    i.TIM_OC4_SetConfig                      0x08002154   Section        0  stm32f1xx_hal_tim.o(i.TIM_OC4_SetConfig)
    TIM_OC4_SetConfig                        0x08002155   Thumb Code    64  stm32f1xx_hal_tim.o(i.TIM_OC4_SetConfig)
    i.TIM_TI1_ConfigInputStage               0x08002198   Section        0  stm32f1xx_hal_tim.o(i.TIM_TI1_ConfigInputStage)
    TIM_TI1_ConfigInputStage                 0x08002199   Thumb Code    34  stm32f1xx_hal_tim.o(i.TIM_TI1_ConfigInputStage)
    i.TIM_TI2_ConfigInputStage               0x080021ba   Section        0  stm32f1xx_hal_tim.o(i.TIM_TI2_ConfigInputStage)
    TIM_TI2_ConfigInputStage                 0x080021bb   Thumb Code    36  stm32f1xx_hal_tim.o(i.TIM_TI2_ConfigInputStage)
    i.UART_Start_Receive_IT                  0x080021de   Section        0  stm32f1xx_hal_uart.o(i.UART_Start_Receive_IT)
    i.USART3_IRQHandler                      0x08002214   Section        0  main.o(i.USART3_IRQHandler)
    i.USART3_en                              0x08002270   Section        0  main.o(i.USART3_en)
    i.USART3_init                            0x0800228c   Section        0  main.o(i.USART3_init)
    i.UsageFault_Handler                     0x080022d4   Section        0  stm32f1xx_it.o(i.UsageFault_Handler)
    i.__NVIC_SetPriority                     0x080022d6   Section        0  stm32f1xx_hal_cortex.o(i.__NVIC_SetPriority)
    __NVIC_SetPriority                       0x080022d7   Thumb Code    32  stm32f1xx_hal_cortex.o(i.__NVIC_SetPriority)
    i.main                                   0x080022f8   Section        0  main.o(i.main)
    i.rotateDC                               0x08002360   Section        0  main.o(i.rotateDC)
    i.round                                  0x080023c0   Section        0  round.o(i.round)
    locale$$code                             0x08002454   Section       44  lc_ctype_c.o(locale$$code)
    x$fpl$d2f                                0x08002480   Section       98  d2f.o(x$fpl$d2f)
    x$fpl$dadd                               0x080024e4   Section      336  daddsub_clz.o(x$fpl$dadd)
    _dadd1                                   0x080024f5   Thumb Code     0  daddsub_clz.o(x$fpl$dadd)
    x$fpl$dcmpinf                            0x08002634   Section       24  dcmpi.o(x$fpl$dcmpinf)
    x$fpl$ddiv                               0x0800264c   Section      688  ddiv.o(x$fpl$ddiv)
    ddiv_entry                               0x08002653   Thumb Code     0  ddiv.o(x$fpl$ddiv)
    x$fpl$dfixu                              0x080028fc   Section       90  dfixu.o(x$fpl$dfixu)
    x$fpl$dflt                               0x08002956   Section       46  dflt_clz.o(x$fpl$dflt)
    x$fpl$dfltu                              0x08002984   Section       38  dflt_clz.o(x$fpl$dfltu)
    x$fpl$dleqf                              0x080029ac   Section      120  dleqf.o(x$fpl$dleqf)
    x$fpl$dmul                               0x08002a24   Section      340  dmul.o(x$fpl$dmul)
    x$fpl$dnaninf                            0x08002b78   Section      156  dnaninf.o(x$fpl$dnaninf)
    x$fpl$dretinf                            0x08002c14   Section       12  dretinf.o(x$fpl$dretinf)
    x$fpl$drleqf                             0x08002c20   Section      108  drleqf.o(x$fpl$drleqf)
    x$fpl$drnd                               0x08002c8c   Section      180  drnd.o(x$fpl$drnd)
    x$fpl$drsb                               0x08002d40   Section       22  daddsub_clz.o(x$fpl$drsb)
    x$fpl$dsub                               0x08002d58   Section      468  daddsub_clz.o(x$fpl$dsub)
    _dsub1                                   0x08002d69   Thumb Code     0  daddsub_clz.o(x$fpl$dsub)
    x$fpl$f2d                                0x08002f2c   Section       86  f2d.o(x$fpl$f2d)
    x$fpl$fadd                               0x08002f84   Section      196  faddsub_clz.o(x$fpl$fadd)
    _fadd1                                   0x08002f93   Thumb Code     0  faddsub_clz.o(x$fpl$fadd)
    x$fpl$fcheck1                            0x08003048   Section       12  fcheck1.o(x$fpl$fcheck1)
    x$fpl$fcmpinf                            0x08003054   Section       24  fcmpi.o(x$fpl$fcmpinf)
    x$fpl$fdiv                               0x0800306c   Section      388  fdiv.o(x$fpl$fdiv)
    _fdiv1                                   0x0800306d   Thumb Code     0  fdiv.o(x$fpl$fdiv)
    x$fpl$ffixu                              0x080031f0   Section       62  ffixu.o(x$fpl$ffixu)
    x$fpl$fflt                               0x08003230   Section       48  fflt_clz.o(x$fpl$fflt)
    x$fpl$ffltu                              0x08003260   Section       38  fflt_clz.o(x$fpl$ffltu)
    x$fpl$fleqf                              0x08003288   Section      104  fleqf.o(x$fpl$fleqf)
    x$fpl$fmul                               0x080032f0   Section      258  fmul.o(x$fpl$fmul)
    x$fpl$fnaninf                            0x080033f2   Section      140  fnaninf.o(x$fpl$fnaninf)
    x$fpl$fretinf                            0x0800347e   Section       10  fretinf.o(x$fpl$fretinf)
    x$fpl$frleqf                             0x08003488   Section       98  frleqf.o(x$fpl$frleqf)
    x$fpl$fsub                               0x080034ec   Section      234  faddsub_clz.o(x$fpl$fsub)
    _fsub1                                   0x080034fb   Thumb Code     0  faddsub_clz.o(x$fpl$fsub)
    x$fpl$retnan                             0x080035d6   Section      100  retnan.o(x$fpl$retnan)
    x$fpl$scalbnf                            0x0800363a   Section       76  scalbnf.o(x$fpl$scalbnf)
    x$fpl$trapveneer                         0x08003686   Section       48  trapv.o(x$fpl$trapveneer)
    .constdata                               0x080036b6   Section       18  stm32f1xx_hal_rcc.o(.constdata)
    x$fpl$usenofp                            0x080036b6   Section        0  usenofp.o(x$fpl$usenofp)
    aPredivFactorTable                       0x080036b6   Data           2  stm32f1xx_hal_rcc.o(.constdata)
    aPLLMULFactorTable                       0x080036b8   Data          16  stm32f1xx_hal_rcc.o(.constdata)
    .constdata                               0x080036c8   Section       16  system_stm32f1xx.o(.constdata)
    locale$$data                             0x080036f8   Section      272  lc_ctype_c.o(locale$$data)
    __lcctype_c_name                         0x080036fc   Data           2  lc_ctype_c.o(locale$$data)
    __lcctype_c_start                        0x08003704   Data           0  lc_ctype_c.o(locale$$data)
    __lcctype_c_end                          0x08003808   Data           0  lc_ctype_c.o(locale$$data)
    .data                                    0x20000000   Section      192  main.o(.data)
    .data                                    0x200000c0   Section       12  stm32f1xx_hal.o(.data)
    .data                                    0x200000cc   Section        4  system_stm32f1xx.o(.data)
    .bss                                     0x200000d0   Section      540  main.o(.bss)
    .bss                                     0x200002ec   Section       96  libspace.o(.bss)
    HEAP                                     0x20000350   Section      512  startup_stm32f103xb.o(HEAP)
    Heap_Mem                                 0x20000350   Data         512  startup_stm32f103xb.o(HEAP)
    STACK                                    0x20000550   Section     1024  startup_stm32f103xb.o(STACK)
    Stack_Mem                                0x20000550   Data        1024  startup_stm32f103xb.o(STACK)
    __initial_sp                             0x20000950   Data           0  startup_stm32f103xb.o(STACK)

    Global Symbols

    Symbol Name                              Value     Ov Type        Size  Object(Section)

    BuildAttributes$$THM_ISAv4$P$D$K$B$S$PE$A:L22UL41UL21$X:L11$S22US41US21$IEEE1$IW$USESV6$~STKCKD$USESV7$~SHL$OTIME$ROPI$IEEEJ$EBA8$UX$STANDARDLIB$REQ8$PRES8$EABIv2 0x00000000   Number         0  anon$$obj.o ABSOLUTE
    __ARM_use_no_argv                        0x00000000   Number         0  main.o ABSOLUTE
    __ARM_exceptions_init                     - Undefined Weak Reference
    __alloca_initialize                       - Undefined Weak Reference
    __arm_preinit_                            - Undefined Weak Reference
    __cpp_initialize__aeabi_                  - Undefined Weak Reference
    __cxa_finalize                            - Undefined Weak Reference
    __sigvec_lookup                           - Undefined Weak Reference
    _atexit_init                              - Undefined Weak Reference
    _call_atexit_fns                          - Undefined Weak Reference
    _clock_init                               - Undefined Weak Reference
    _fp_trap_init                             - Undefined Weak Reference
    _fp_trap_shutdown                         - Undefined Weak Reference
    _get_lc_collate                           - Undefined Weak Reference
    _get_lc_monetary                          - Undefined Weak Reference
    _get_lc_numeric                           - Undefined Weak Reference
    _get_lc_time                              - Undefined Weak Reference
    _getenv_init                              - Undefined Weak Reference
    _handle_redirection                       - Undefined Weak Reference
    _init_alloc                               - Undefined Weak Reference
    _init_user_alloc                          - Undefined Weak Reference
    _initio                                   - Undefined Weak Reference
    _rand_init                                - Undefined Weak Reference
    _scanf_longlong                           - Undefined Weak Reference
    _scanf_mbtowc                             - Undefined Weak Reference
    _scanf_real                               - Undefined Weak Reference
    _scanf_string                             - Undefined Weak Reference
    _scanf_wctomb                             - Undefined Weak Reference
    _scanf_wstring                            - Undefined Weak Reference
    _signal_finish                            - Undefined Weak Reference
    _signal_init                              - Undefined Weak Reference
    _terminate_alloc                          - Undefined Weak Reference
    _terminate_user_alloc                     - Undefined Weak Reference
    _terminateio                              - Undefined Weak Reference
    __Vectors_Size                           0x000000ec   Number         0  startup_stm32f103xb.o ABSOLUTE
    __Vectors                                0x08000000   Data           4  startup_stm32f103xb.o(RESET)
    __Vectors_End                            0x080000ec   Data           0  startup_stm32f103xb.o(RESET)
    __main                                   0x080000ed   Thumb Code     8  __main.o(!!!main)
    __scatterload                            0x080000f5   Thumb Code     0  __scatter.o(!!!scatter)
    __scatterload_rt2                        0x080000f5   Thumb Code    44  __scatter.o(!!!scatter)
    __scatterload_rt2_thumb_only             0x080000f5   Thumb Code     0  __scatter.o(!!!scatter)
    __scatterload_null                       0x08000103   Thumb Code     0  __scatter.o(!!!scatter)
    __scatterload_copy                       0x08000129   Thumb Code    26  __scatter_copy.o(!!handler_copy)
    __scatterload_zeroinit                   0x08000145   Thumb Code    28  __scatter_zi.o(!!handler_zi)
    __rt_lib_init                            0x08000161   Thumb Code     0  libinit.o(.ARM.Collect$$libinit$$00000000)
    __rt_lib_init_fp_1                       0x08000163   Thumb Code     0  libinit2.o(.ARM.Collect$$libinit$$00000002)
    __rt_lib_init_heap_1                     0x08000163   Thumb Code     0  libinit2.o(.ARM.Collect$$libinit$$0000000A)
    __rt_lib_init_lc_common                  0x08000163   Thumb Code     0  libinit2.o(.ARM.Collect$$libinit$$0000000F)
    __rt_lib_init_preinit_1                  0x08000163   Thumb Code     0  libinit2.o(.ARM.Collect$$libinit$$00000004)
    __rt_lib_init_rand_1                     0x08000163   Thumb Code     0  libinit2.o(.ARM.Collect$$libinit$$0000000E)
    __rt_lib_init_user_alloc_1               0x08000163   Thumb Code     0  libinit2.o(.ARM.Collect$$libinit$$0000000C)
    __rt_lib_init_lc_collate_1               0x08000169   Thumb Code     0  libinit2.o(.ARM.Collect$$libinit$$00000011)
    __rt_lib_init_lc_ctype_2                 0x08000169   Thumb Code     0  libinit2.o(.ARM.Collect$$libinit$$00000012)
    __rt_lib_init_alloca_1                   0x08000175   Thumb Code     0  libinit2.o(.ARM.Collect$$libinit$$0000002E)
    __rt_lib_init_argv_1                     0x08000175   Thumb Code     0  libinit2.o(.ARM.Collect$$libinit$$0000002C)
    __rt_lib_init_atexit_1                   0x08000175   Thumb Code     0  libinit2.o(.ARM.Collect$$libinit$$0000001B)
    __rt_lib_init_clock_1                    0x08000175   Thumb Code     0  libinit2.o(.ARM.Collect$$libinit$$00000021)
    __rt_lib_init_cpp_1                      0x08000175   Thumb Code     0  libinit2.o(.ARM.Collect$$libinit$$00000032)
    __rt_lib_init_exceptions_1               0x08000175   Thumb Code     0  libinit2.o(.ARM.Collect$$libinit$$00000030)
    __rt_lib_init_fp_trap_1                  0x08000175   Thumb Code     0  libinit2.o(.ARM.Collect$$libinit$$0000001F)
    __rt_lib_init_getenv_1                   0x08000175   Thumb Code     0  libinit2.o(.ARM.Collect$$libinit$$00000023)
    __rt_lib_init_lc_ctype_1                 0x08000175   Thumb Code     0  libinit2.o(.ARM.Collect$$libinit$$00000013)
    __rt_lib_init_lc_monetary_1              0x08000175   Thumb Code     0  libinit2.o(.ARM.Collect$$libinit$$00000015)
    __rt_lib_init_lc_numeric_1               0x08000175   Thumb Code     0  libinit2.o(.ARM.Collect$$libinit$$00000017)
    __rt_lib_init_lc_time_1                  0x08000175   Thumb Code     0  libinit2.o(.ARM.Collect$$libinit$$00000019)
    __rt_lib_init_return                     0x08000175   Thumb Code     0  libinit2.o(.ARM.Collect$$libinit$$00000033)
    __rt_lib_init_signal_1                   0x08000175   Thumb Code     0  libinit2.o(.ARM.Collect$$libinit$$0000001D)
    __rt_lib_init_stdio_1                    0x08000175   Thumb Code     0  libinit2.o(.ARM.Collect$$libinit$$00000025)
    __rt_lib_shutdown                        0x08000177   Thumb Code     0  libshutdown.o(.ARM.Collect$$libshutdown$$00000000)
    __rt_lib_shutdown_cpp_1                  0x08000179   Thumb Code     0  libshutdown2.o(.ARM.Collect$$libshutdown$$00000002)
    __rt_lib_shutdown_fp_trap_1              0x08000179   Thumb Code     0  libshutdown2.o(.ARM.Collect$$libshutdown$$00000007)
    __rt_lib_shutdown_heap_1                 0x08000179   Thumb Code     0  libshutdown2.o(.ARM.Collect$$libshutdown$$0000000F)
    __rt_lib_shutdown_return                 0x08000179   Thumb Code     0  libshutdown2.o(.ARM.Collect$$libshutdown$$00000010)
    __rt_lib_shutdown_signal_1               0x08000179   Thumb Code     0  libshutdown2.o(.ARM.Collect$$libshutdown$$0000000A)
    __rt_lib_shutdown_stdio_1                0x08000179   Thumb Code     0  libshutdown2.o(.ARM.Collect$$libshutdown$$00000004)
    __rt_lib_shutdown_user_alloc_1           0x08000179   Thumb Code     0  libshutdown2.o(.ARM.Collect$$libshutdown$$0000000C)
    __rt_entry                               0x0800017b   Thumb Code     0  __rtentry.o(.ARM.Collect$$rtentry$$00000000)
    __rt_entry_presh_1                       0x0800017b   Thumb Code     0  __rtentry2.o(.ARM.Collect$$rtentry$$00000002)
    __rt_entry_sh                            0x0800017b   Thumb Code     0  __rtentry4.o(.ARM.Collect$$rtentry$$00000004)
    __rt_entry_li                            0x08000181   Thumb Code     0  __rtentry2.o(.ARM.Collect$$rtentry$$0000000A)
    __rt_entry_postsh_1                      0x08000181   Thumb Code     0  __rtentry2.o(.ARM.Collect$$rtentry$$00000009)
    __rt_entry_main                          0x08000185   Thumb Code     0  __rtentry2.o(.ARM.Collect$$rtentry$$0000000D)
    __rt_entry_postli_1                      0x08000185   Thumb Code     0  __rtentry2.o(.ARM.Collect$$rtentry$$0000000C)
    __rt_exit                                0x0800018d   Thumb Code     0  rtexit.o(.ARM.Collect$$rtexit$$00000000)
    __rt_exit_ls                             0x0800018f   Thumb Code     0  rtexit2.o(.ARM.Collect$$rtexit$$00000003)
    __rt_exit_prels_1                        0x0800018f   Thumb Code     0  rtexit2.o(.ARM.Collect$$rtexit$$00000002)
    __rt_exit_exit                           0x08000193   Thumb Code     0  rtexit2.o(.ARM.Collect$$rtexit$$00000004)
    Reset_Handler                            0x08000199   Thumb Code     8  startup_stm32f103xb.o(.text)
    ADC1_2_IRQHandler                        0x080001b3   Thumb Code     0  startup_stm32f103xb.o(.text)
    CAN1_RX1_IRQHandler                      0x080001b3   Thumb Code     0  startup_stm32f103xb.o(.text)
    CAN1_SCE_IRQHandler                      0x080001b3   Thumb Code     0  startup_stm32f103xb.o(.text)
    DMA1_Channel1_IRQHandler                 0x080001b3   Thumb Code     0  startup_stm32f103xb.o(.text)
    DMA1_Channel2_IRQHandler                 0x080001b3   Thumb Code     0  startup_stm32f103xb.o(.text)
    DMA1_Channel3_IRQHandler                 0x080001b3   Thumb Code     0  startup_stm32f103xb.o(.text)
    DMA1_Channel4_IRQHandler                 0x080001b3   Thumb Code     0  startup_stm32f103xb.o(.text)
    DMA1_Channel5_IRQHandler                 0x080001b3   Thumb Code     0  startup_stm32f103xb.o(.text)
    DMA1_Channel6_IRQHandler                 0x080001b3   Thumb Code     0  startup_stm32f103xb.o(.text)
    DMA1_Channel7_IRQHandler                 0x080001b3   Thumb Code     0  startup_stm32f103xb.o(.text)
    EXTI0_IRQHandler                         0x080001b3   Thumb Code     0  startup_stm32f103xb.o(.text)
    EXTI15_10_IRQHandler                     0x080001b3   Thumb Code     0  startup_stm32f103xb.o(.text)
    EXTI1_IRQHandler                         0x080001b3   Thumb Code     0  startup_stm32f103xb.o(.text)
    EXTI2_IRQHandler                         0x080001b3   Thumb Code     0  startup_stm32f103xb.o(.text)
    EXTI3_IRQHandler                         0x080001b3   Thumb Code     0  startup_stm32f103xb.o(.text)
    EXTI4_IRQHandler                         0x080001b3   Thumb Code     0  startup_stm32f103xb.o(.text)
    EXTI9_5_IRQHandler                       0x080001b3   Thumb Code     0  startup_stm32f103xb.o(.text)
    FLASH_IRQHandler                         0x080001b3   Thumb Code     0  startup_stm32f103xb.o(.text)
    I2C1_ER_IRQHandler                       0x080001b3   Thumb Code     0  startup_stm32f103xb.o(.text)
    I2C1_EV_IRQHandler                       0x080001b3   Thumb Code     0  startup_stm32f103xb.o(.text)
    I2C2_ER_IRQHandler                       0x080001b3   Thumb Code     0  startup_stm32f103xb.o(.text)
    I2C2_EV_IRQHandler                       0x080001b3   Thumb Code     0  startup_stm32f103xb.o(.text)
    PVD_IRQHandler                           0x080001b3   Thumb Code     0  startup_stm32f103xb.o(.text)
    RCC_IRQHandler                           0x080001b3   Thumb Code     0  startup_stm32f103xb.o(.text)
    RTC_Alarm_IRQHandler                     0x080001b3   Thumb Code     0  startup_stm32f103xb.o(.text)
    RTC_IRQHandler                           0x080001b3   Thumb Code     0  startup_stm32f103xb.o(.text)
    SPI1_IRQHandler                          0x080001b3   Thumb Code     0  startup_stm32f103xb.o(.text)
    SPI2_IRQHandler                          0x080001b3   Thumb Code     0  startup_stm32f103xb.o(.text)
    TAMPER_IRQHandler                        0x080001b3   Thumb Code     0  startup_stm32f103xb.o(.text)
    TIM1_BRK_IRQHandler                      0x080001b3   Thumb Code     0  startup_stm32f103xb.o(.text)
    TIM1_CC_IRQHandler                       0x080001b3   Thumb Code     0  startup_stm32f103xb.o(.text)
    TIM1_TRG_COM_IRQHandler                  0x080001b3   Thumb Code     0  startup_stm32f103xb.o(.text)
    TIM1_UP_IRQHandler                       0x080001b3   Thumb Code     0  startup_stm32f103xb.o(.text)
    TIM3_IRQHandler                          0x080001b3   Thumb Code     0  startup_stm32f103xb.o(.text)
    TIM4_IRQHandler                          0x080001b3   Thumb Code     0  startup_stm32f103xb.o(.text)
    USART1_IRQHandler                        0x080001b3   Thumb Code     0  startup_stm32f103xb.o(.text)
    USART2_IRQHandler                        0x080001b3   Thumb Code     0  startup_stm32f103xb.o(.text)
    USBWakeUp_IRQHandler                     0x080001b3   Thumb Code     0  startup_stm32f103xb.o(.text)
    USB_HP_CAN1_TX_IRQHandler                0x080001b3   Thumb Code     0  startup_stm32f103xb.o(.text)
    USB_LP_CAN1_RX0_IRQHandler               0x080001b3   Thumb Code     0  startup_stm32f103xb.o(.text)
    WWDG_IRQHandler                          0x080001b3   Thumb Code     0  startup_stm32f103xb.o(.text)
    __user_initial_stackheap                 0x080001b5   Thumb Code     0  startup_stm32f103xb.o(.text)
    __0sscanf                                0x080001d9   Thumb Code    52  __0sscanf.o(.text)
    _scanf_int                               0x08000215   Thumb Code   332  _scanf_int.o(.text)
    __aeabi_memclr4                          0x08000361   Thumb Code     0  rt_memclr_w.o(.text)
    __aeabi_memclr8                          0x08000361   Thumb Code     0  rt_memclr_w.o(.text)
    __rt_memclr_w                            0x08000361   Thumb Code    78  rt_memclr_w.o(.text)
    _memset_w                                0x08000365   Thumb Code     0  rt_memclr_w.o(.text)
    __use_two_region_memory                  0x080003af   Thumb Code     2  heapauxi.o(.text)
    __rt_heap_escrow$2region                 0x080003b1   Thumb Code     2  heapauxi.o(.text)
    __rt_heap_expand$2region                 0x080003b3   Thumb Code     2  heapauxi.o(.text)
    _chval                                   0x080003b5   Thumb Code    28  _chval.o(.text)
    __vfscanf_char                           0x080003dd   Thumb Code    24  scanf_char.o(.text)
    _sgetc                                   0x080003fd   Thumb Code    30  _sgetc.o(.text)
    _sbackspace                              0x0800041b   Thumb Code    34  _sgetc.o(.text)
    isspace                                  0x0800043d   Thumb Code    18  isspace.o(.text)
    __vfscanf                                0x08000451   Thumb Code   878  _scanf.o(.text)
    __user_setup_stackheap                   0x080007c5   Thumb Code    74  sys_stackheap_outer.o(.text)
    __rt_ctype_table                         0x08000811   Thumb Code    16  rt_ctype_table.o(.text)
    exit                                     0x08000821   Thumb Code    18  exit.o(.text)
    __user_libspace                          0x08000835   Thumb Code     8  libspace.o(.text)
    __user_perproc_libspace                  0x08000835   Thumb Code     0  libspace.o(.text)
    __user_perthread_libspace                0x08000835   Thumb Code     0  libspace.o(.text)
    __rt_locale                              0x0800083d   Thumb Code     8  rt_locale_intlibspace.o(.text)
    strcmp                                   0x08000845   Thumb Code   128  strcmpv7m.o(.text)
    _sys_exit                                0x080008c5   Thumb Code     8  sys_exit.o(.text)
    __I$use$semihosting                      0x080008d1   Thumb Code     0  use_no_semi.o(.text)
    __use_no_semihosting_swi                 0x080008d1   Thumb Code     2  use_no_semi.o(.text)
    __semihosting_library_function           0x080008d3   Thumb Code     0  indicate_semi.o(.text)
    Anti_windup                              0x080008d5   Thumb Code    98  main.o(i.Anti_windup)
    Average_5_times                          0x08000941   Thumb Code    50  main.o(i.Average_5_times)
    BusFault_Handler                         0x08000979   Thumb Code     2  stm32f1xx_it.o(i.BusFault_Handler)
    DebugMon_Handler                         0x0800097b   Thumb Code     2  stm32f1xx_it.o(i.DebugMon_Handler)
    HAL_GPIO_Init                            0x0800097d   Thumb Code   446  stm32f1xx_hal_gpio.o(i.HAL_GPIO_Init)
    HAL_GPIO_WritePin                        0x08000b5d   Thumb Code    10  stm32f1xx_hal_gpio.o(i.HAL_GPIO_WritePin)
    HAL_GetTick                              0x08000b69   Thumb Code     6  stm32f1xx_hal.o(i.HAL_GetTick)
    HAL_IncTick                              0x08000b75   Thumb Code    12  stm32f1xx_hal.o(i.HAL_IncTick)
    HAL_Init                                 0x08000b85   Thumb Code    32  stm32f1xx_hal.o(i.HAL_Init)
    HAL_InitTick                             0x08000ba9   Thumb Code    54  stm32f1xx_hal.o(i.HAL_InitTick)
    HAL_MspInit                              0x08000be9   Thumb Code    52  stm32f1xx_hal_msp.o(i.HAL_MspInit)
    HAL_NVIC_EnableIRQ                       0x08000c25   Thumb Code    26  stm32f1xx_hal_cortex.o(i.HAL_NVIC_EnableIRQ)
    HAL_NVIC_SetPriority                     0x08000c41   Thumb Code    60  stm32f1xx_hal_cortex.o(i.HAL_NVIC_SetPriority)
    HAL_NVIC_SetPriorityGrouping             0x08000c81   Thumb Code    26  stm32f1xx_hal_cortex.o(i.HAL_NVIC_SetPriorityGrouping)
    HAL_RCC_ClockConfig                      0x08000ca5   Thumb Code   280  stm32f1xx_hal_rcc.o(i.HAL_RCC_ClockConfig)
    HAL_RCC_GetSysClockFreq                  0x08000dd1   Thumb Code    58  stm32f1xx_hal_rcc.o(i.HAL_RCC_GetSysClockFreq)
    HAL_RCC_OscConfig                        0x08000e1d   Thumb Code   778  stm32f1xx_hal_rcc.o(i.HAL_RCC_OscConfig)
    HAL_SYSTICK_Config                       0x0800113d   Thumb Code    40  stm32f1xx_hal_cortex.o(i.HAL_SYSTICK_Config)
    HAL_TIMEx_BreakCallback                  0x08001165   Thumb Code     2  stm32f1xx_hal_tim_ex.o(i.HAL_TIMEx_BreakCallback)
    HAL_TIMEx_CommutCallback                 0x08001167   Thumb Code     2  stm32f1xx_hal_tim_ex.o(i.HAL_TIMEx_CommutCallback)
    HAL_TIMEx_ConfigBreakDeadTime            0x08001169   Thumb Code    84  stm32f1xx_hal_tim_ex.o(i.HAL_TIMEx_ConfigBreakDeadTime)
    HAL_TIMEx_MasterConfigSynchronization    0x080011bd   Thumb Code    92  stm32f1xx_hal_tim_ex.o(i.HAL_TIMEx_MasterConfigSynchronization)
    HAL_TIM_Base_Init                        0x08001225   Thumb Code    90  stm32f1xx_hal_tim.o(i.HAL_TIM_Base_Init)
    HAL_TIM_Base_MspInit                     0x08001281   Thumb Code    50  stm32f1xx_hal_msp.o(i.HAL_TIM_Base_MspInit)
    HAL_TIM_Base_Start_IT                    0x080012b9   Thumb Code    76  stm32f1xx_hal_tim.o(i.HAL_TIM_Base_Start_IT)
    HAL_TIM_ConfigClockSource                0x08001311   Thumb Code   220  stm32f1xx_hal_tim.o(i.HAL_TIM_ConfigClockSource)
    HAL_TIM_Encoder_Init                     0x080013ed   Thumb Code   164  stm32f1xx_hal_tim.o(i.HAL_TIM_Encoder_Init)
    HAL_TIM_Encoder_MspInit                  0x08001491   Thumb Code   124  stm32f1xx_hal_msp.o(i.HAL_TIM_Encoder_MspInit)
    HAL_TIM_Encoder_Start                    0x08001521   Thumb Code   142  stm32f1xx_hal_tim.o(i.HAL_TIM_Encoder_Start)
    HAL_TIM_IC_CaptureCallback               0x080015af   Thumb Code     2  stm32f1xx_hal_tim.o(i.HAL_TIM_IC_CaptureCallback)
    HAL_TIM_IRQHandler                       0x080015b1   Thumb Code   358  stm32f1xx_hal_tim.o(i.HAL_TIM_IRQHandler)
    HAL_TIM_MspPostInit                      0x08001719   Thumb Code    64  stm32f1xx_hal_msp.o(i.HAL_TIM_MspPostInit)
    HAL_TIM_OC_DelayElapsedCallback          0x08001765   Thumb Code     2  stm32f1xx_hal_tim.o(i.HAL_TIM_OC_DelayElapsedCallback)
    HAL_TIM_PWM_ConfigChannel                0x08001767   Thumb Code   204  stm32f1xx_hal_tim.o(i.HAL_TIM_PWM_ConfigChannel)
    HAL_TIM_PWM_Init                         0x08001833   Thumb Code    90  stm32f1xx_hal_tim.o(i.HAL_TIM_PWM_Init)
    HAL_TIM_PWM_MspInit                      0x0800188d   Thumb Code    30  stm32f1xx_hal_msp.o(i.HAL_TIM_PWM_MspInit)
    HAL_TIM_PWM_PulseFinishedCallback        0x080018b5   Thumb Code     2  stm32f1xx_hal_tim.o(i.HAL_TIM_PWM_PulseFinishedCallback)
    HAL_TIM_PWM_Start                        0x080018b9   Thumb Code   144  stm32f1xx_hal_tim.o(i.HAL_TIM_PWM_Start)
    HAL_TIM_PeriodElapsedCallback            0x08001955   Thumb Code   514  main.o(i.HAL_TIM_PeriodElapsedCallback)
    HAL_TIM_TriggerCallback                  0x08001b85   Thumb Code     2  stm32f1xx_hal_tim.o(i.HAL_TIM_TriggerCallback)
    HAL_UART_Receive_IT                      0x08001b87   Thumb Code    28  stm32f1xx_hal_uart.o(i.HAL_UART_Receive_IT)
    HardFault_Handler                        0x08001ba3   Thumb Code     2  stm32f1xx_it.o(i.HardFault_Handler)
    MemManage_Handler                        0x08001e05   Thumb Code     2  stm32f1xx_it.o(i.MemManage_Handler)
    NMI_Handler                              0x08001e07   Thumb Code     2  stm32f1xx_it.o(i.NMI_Handler)
    PID_WL                                   0x08001e09   Thumb Code   140  main.o(i.PID_WL)
    PID_WR                                   0x08001ea1   Thumb Code   134  main.o(i.PID_WR)
    PendSV_Handler                           0x08001f35   Thumb Code     2  stm32f1xx_it.o(i.PendSV_Handler)
    SVC_Handler                              0x08001f37   Thumb Code     2  stm32f1xx_it.o(i.SVC_Handler)
    SysTick_Handler                          0x08001f39   Thumb Code     4  stm32f1xx_it.o(i.SysTick_Handler)
    SystemClock_Config                       0x08001f3d   Thumb Code    94  main.o(i.SystemClock_Config)
    SystemInit                               0x08001f9b   Thumb Code     2  system_stm32f1xx.o(i.SystemInit)
    TIM2_IRQHandler                          0x08001f9d   Thumb Code     6  stm32f1xx_it.o(i.TIM2_IRQHandler)
    TIM_Base_SetConfig                       0x08001fa9   Thumb Code    94  stm32f1xx_hal_tim.o(i.TIM_Base_SetConfig)
    TIM_CCxChannelCmd                        0x08002015   Thumb Code    26  stm32f1xx_hal_tim.o(i.TIM_CCxChannelCmd)
    TIM_ETR_SetConfig                        0x0800202f   Thumb Code    20  stm32f1xx_hal_tim.o(i.TIM_ETR_SetConfig)
    TIM_OC2_SetConfig                        0x080020a5   Thumb Code    84  stm32f1xx_hal_tim.o(i.TIM_OC2_SetConfig)
    UART_Start_Receive_IT                    0x080021df   Thumb Code    54  stm32f1xx_hal_uart.o(i.UART_Start_Receive_IT)
    USART3_IRQHandler                        0x08002215   Thumb Code    72  main.o(i.USART3_IRQHandler)
    USART3_en                                0x08002271   Thumb Code    20  main.o(i.USART3_en)
    USART3_init                              0x0800228d   Thumb Code    58  main.o(i.USART3_init)
    UsageFault_Handler                       0x080022d5   Thumb Code     2  stm32f1xx_it.o(i.UsageFault_Handler)
    main                                     0x080022f9   Thumb Code    96  main.o(i.main)
    rotateDC                                 0x08002361   Thumb Code    92  main.o(i.rotateDC)
    round                                    0x080023c1   Thumb Code   136  round.o(i.round)
    _get_lc_ctype                            0x08002455   Thumb Code    44  lc_ctype_c.o(locale$$code)
    __aeabi_d2f                              0x08002481   Thumb Code     0  d2f.o(x$fpl$d2f)
    _d2f                                     0x08002481   Thumb Code    98  d2f.o(x$fpl$d2f)
    __aeabi_dadd                             0x080024e5   Thumb Code     0  daddsub_clz.o(x$fpl$dadd)
    _dadd                                    0x080024e5   Thumb Code   332  daddsub_clz.o(x$fpl$dadd)
    __fpl_dcmp_Inf                           0x08002635   Thumb Code    24  dcmpi.o(x$fpl$dcmpinf)
    __aeabi_ddiv                             0x0800264d   Thumb Code     0  ddiv.o(x$fpl$ddiv)
    _ddiv                                    0x0800264d   Thumb Code   552  ddiv.o(x$fpl$ddiv)
    __aeabi_d2uiz                            0x080028fd   Thumb Code     0  dfixu.o(x$fpl$dfixu)
    _dfixu                                   0x080028fd   Thumb Code    90  dfixu.o(x$fpl$dfixu)
    __aeabi_i2d                              0x08002957   Thumb Code     0  dflt_clz.o(x$fpl$dflt)
    _dflt                                    0x08002957   Thumb Code    46  dflt_clz.o(x$fpl$dflt)
    __aeabi_ui2d                             0x08002985   Thumb Code     0  dflt_clz.o(x$fpl$dfltu)
    _dfltu                                   0x08002985   Thumb Code    38  dflt_clz.o(x$fpl$dfltu)
    __aeabi_cdcmple                          0x080029ad   Thumb Code     0  dleqf.o(x$fpl$dleqf)
    _dcmple                                  0x080029ad   Thumb Code   120  dleqf.o(x$fpl$dleqf)
    __fpl_dcmple_InfNaN                      0x08002a0f   Thumb Code     0  dleqf.o(x$fpl$dleqf)
    __aeabi_dmul                             0x08002a25   Thumb Code     0  dmul.o(x$fpl$dmul)
    _dmul                                    0x08002a25   Thumb Code   332  dmul.o(x$fpl$dmul)
    __fpl_dnaninf                            0x08002b79   Thumb Code   156  dnaninf.o(x$fpl$dnaninf)
    __fpl_dretinf                            0x08002c15   Thumb Code    12  dretinf.o(x$fpl$dretinf)
    __aeabi_cdrcmple                         0x08002c21   Thumb Code     0  drleqf.o(x$fpl$drleqf)
    _drcmple                                 0x08002c21   Thumb Code   108  drleqf.o(x$fpl$drleqf)
    _drnd                                    0x08002c8d   Thumb Code   180  drnd.o(x$fpl$drnd)
    __aeabi_drsub                            0x08002d41   Thumb Code     0  daddsub_clz.o(x$fpl$drsb)
    _drsb                                    0x08002d41   Thumb Code    22  daddsub_clz.o(x$fpl$drsb)
    __aeabi_dsub                             0x08002d59   Thumb Code     0  daddsub_clz.o(x$fpl$dsub)
    _dsub                                    0x08002d59   Thumb Code   464  daddsub_clz.o(x$fpl$dsub)
    __aeabi_f2d                              0x08002f2d   Thumb Code     0  f2d.o(x$fpl$f2d)
    _f2d                                     0x08002f2d   Thumb Code    86  f2d.o(x$fpl$f2d)
    __aeabi_fadd                             0x08002f85   Thumb Code     0  faddsub_clz.o(x$fpl$fadd)
    _fadd                                    0x08002f85   Thumb Code   196  faddsub_clz.o(x$fpl$fadd)
    __fpl_fcheck_NaN1                        0x08003049   Thumb Code     6  fcheck1.o(x$fpl$fcheck1)
    __fpl_fcmp_Inf                           0x08003055   Thumb Code    24  fcmpi.o(x$fpl$fcmpinf)
    __aeabi_fdiv                             0x0800306d   Thumb Code     0  fdiv.o(x$fpl$fdiv)
    _fdiv                                    0x0800306d   Thumb Code   384  fdiv.o(x$fpl$fdiv)
    __aeabi_f2uiz                            0x080031f1   Thumb Code     0  ffixu.o(x$fpl$ffixu)
    _ffixu                                   0x080031f1   Thumb Code    62  ffixu.o(x$fpl$ffixu)
    __aeabi_i2f                              0x08003231   Thumb Code     0  fflt_clz.o(x$fpl$fflt)
    _fflt                                    0x08003231   Thumb Code    48  fflt_clz.o(x$fpl$fflt)
    __aeabi_ui2f                             0x08003261   Thumb Code     0  fflt_clz.o(x$fpl$ffltu)
    _ffltu                                   0x08003261   Thumb Code    38  fflt_clz.o(x$fpl$ffltu)
    __aeabi_cfcmple                          0x08003289   Thumb Code     0  fleqf.o(x$fpl$fleqf)
    _fcmple                                  0x08003289   Thumb Code   104  fleqf.o(x$fpl$fleqf)
    __fpl_fcmple_InfNaN                      0x080032db   Thumb Code     0  fleqf.o(x$fpl$fleqf)
    __aeabi_fmul                             0x080032f1   Thumb Code     0  fmul.o(x$fpl$fmul)
    _fmul                                    0x080032f1   Thumb Code   258  fmul.o(x$fpl$fmul)
    __fpl_fnaninf                            0x080033f3   Thumb Code   140  fnaninf.o(x$fpl$fnaninf)
    __fpl_fretinf                            0x0800347f   Thumb Code    10  fretinf.o(x$fpl$fretinf)
    __aeabi_cfrcmple                         0x08003489   Thumb Code     0  frleqf.o(x$fpl$frleqf)
    _frcmple                                 0x08003489   Thumb Code    98  frleqf.o(x$fpl$frleqf)
    __aeabi_fsub                             0x080034ed   Thumb Code     0  faddsub_clz.o(x$fpl$fsub)
    _fsub                                    0x080034ed   Thumb Code   234  faddsub_clz.o(x$fpl$fsub)
    __fpl_return_NaN                         0x080035d7   Thumb Code   100  retnan.o(x$fpl$retnan)
    __ARM_scalbnf                            0x0800363b   Thumb Code    76  scalbnf.o(x$fpl$scalbnf)
    __fpl_cmpreturn                          0x08003687   Thumb Code    48  trapv.o(x$fpl$trapveneer)
    __I$use$fp                               0x080036b6   Number         0  usenofp.o(x$fpl$usenofp)
    AHBPrescTable                            0x080036c8   Data          16  system_stm32f1xx.o(.constdata)
    Region$$Table$$Base                      0x080036d8   Number         0  anon$$obj.o(Region$$Table)
    Region$$Table$$Limit                     0x080036f8   Number         0  anon$$obj.o(Region$$Table)
    __ctype                                  0x08003705   Data           0  lc_ctype_c.o(locale$$data)
    OutPWM_L                                 0x20000000   Data           2  main.o(.data)
    OutPWM_R                                 0x20000002   Data           2  main.o(.data)
    Kp_R                                     0x20000004   Data           4  main.o(.data)
    Ki_R                                     0x20000008   Data           4  main.o(.data)
    Kd_R                                     0x2000000c   Data           4  main.o(.data)
    Kp_L                                     0x20000010   Data           4  main.o(.data)
    Ki_L                                     0x20000014   Data           4  main.o(.data)
    Kd_L                                     0x20000018   Data           4  main.o(.data)
    CurvelA                                  0x2000001c   Data           4  main.o(.data)
    CurvelB                                  0x20000020   Data           4  main.o(.data)
    EncoderA                                 0x20000024   Data           4  main.o(.data)
    EncoderA_pre                             0x20000028   Data           4  main.o(.data)
    EncoderB                                 0x2000002c   Data           4  main.o(.data)
    EncoderB_pre                             0x20000030   Data           4  main.o(.data)
    deltaA                                   0x20000034   Data           4  main.o(.data)
    deltaB                                   0x20000038   Data           4  main.o(.data)
    SP_WL                                    0x2000003c   Data           4  main.o(.data)
    SP_WR                                    0x20000040   Data           4  main.o(.data)
    SP                                       0x20000044   Data           4  main.o(.data)
    position                                 0x20000048   Data           4  main.o(.data)
    PosL                                     0x2000004c   Data           4  main.o(.data)
    PosR                                     0x20000050   Data           4  main.o(.data)
    ek_R                                     0x20000054   Data           4  main.o(.data)
    ek_L                                     0x20000058   Data           4  main.o(.data)
    ek_R1                                    0x2000005c   Data           4  main.o(.data)
    ek_L1                                    0x20000060   Data           4  main.o(.data)
    Up_R                                     0x20000064   Data           4  main.o(.data)
    Ui_R                                     0x20000068   Data           4  main.o(.data)
    Ud_R                                     0x2000006c   Data           4  main.o(.data)
    Ui_1_R                                   0x20000070   Data           4  main.o(.data)
    U_out_R                                  0x20000074   Data           4  main.o(.data)
    Up_L                                     0x20000078   Data           4  main.o(.data)
    Ui_L                                     0x2000007c   Data           4  main.o(.data)
    Ud_L                                     0x20000080   Data           4  main.o(.data)
    Ui_1_L                                   0x20000084   Data           4  main.o(.data)
    U_out_L                                  0x20000088   Data           4  main.o(.data)
    d3                                       0x2000008c   Data           4  main.o(.data)
    j3                                       0x20000090   Data           4  main.o(.data)
    s3                                       0x20000094   Data           4  main.o(.data)
    buffer                                   0x20000098   Data           7  main.o(.data)
    TempPWM_L                                0x200000a0   Data           8  main.o(.data)
    TempPWM_R                                0x200000a8   Data           8  main.o(.data)
    WL                                       0x200000b0   Data           8  main.o(.data)
    WR                                       0x200000b8   Data           8  main.o(.data)
    uwTickFreq                               0x200000c0   Data           1  stm32f1xx_hal.o(.data)
    uwTickPrio                               0x200000c4   Data           4  stm32f1xx_hal.o(.data)
    uwTick                                   0x200000c8   Data           4  stm32f1xx_hal.o(.data)
    SystemCoreClock                          0x200000cc   Data           4  system_stm32f1xx.o(.data)
    htim1                                    0x200000d0   Data          72  main.o(.bss)
    htim2                                    0x20000118   Data          72  main.o(.bss)
    htim3                                    0x20000160   Data          72  main.o(.bss)
    htim4                                    0x200001a8   Data          72  main.o(.bss)
    huart3                                   0x200001f0   Data          72  main.o(.bss)
    sum_A                                    0x20000238   Data          80  main.o(.bss)
    sum_B                                    0x20000288   Data          80  main.o(.bss)
    data_rx3                                 0x200002d8   Data          20  main.o(.bss)
    __libspace_start                         0x200002ec   Data          96  libspace.o(.bss)
    __temporary_stack_top$libspace           0x2000034c   Data           0  libspace.o(.bss)



==============================================================================

Memory Map of the image

  Image Entry point : 0x080000ed

  Load Region LR_IROM1 (Base: 0x08000000, Size: 0x000038d8, Max: 0x00010000, ABSOLUTE)

    Execution Region ER_IROM1 (Exec base: 0x08000000, Load base: 0x08000000, Size: 0x00003808, Max: 0x00010000, ABSOLUTE)

    Exec Addr    Load Addr    Size         Type   Attr      Idx    E Section Name        Object

    0x08000000   0x08000000   0x000000ec   Data   RO            3    RESET               startup_stm32f103xb.o
    0x080000ec   0x080000ec   0x00000008   Code   RO         2806  * !!!main             c_w.l(__main.o)
    0x080000f4   0x080000f4   0x00000034   Code   RO         3066    !!!scatter          c_w.l(__scatter.o)
    0x08000128   0x08000128   0x0000001a   Code   RO         3068    !!handler_copy      c_w.l(__scatter_copy.o)
    0x08000142   0x08000142   0x00000002   PAD
    0x08000144   0x08000144   0x0000001c   Code   RO         3070    !!handler_zi        c_w.l(__scatter_zi.o)
    0x08000160   0x08000160   0x00000002   Code   RO         2924    .ARM.Collect$$libinit$$00000000  c_w.l(libinit.o)
    0x08000162   0x08000162   0x00000000   Code   RO         2941    .ARM.Collect$$libinit$$00000002  c_w.l(libinit2.o)
    0x08000162   0x08000162   0x00000000   Code   RO         2943    .ARM.Collect$$libinit$$00000004  c_w.l(libinit2.o)
    0x08000162   0x08000162   0x00000000   Code   RO         2946    .ARM.Collect$$libinit$$0000000A  c_w.l(libinit2.o)
    0x08000162   0x08000162   0x00000000   Code   RO         2948    .ARM.Collect$$libinit$$0000000C  c_w.l(libinit2.o)
    0x08000162   0x08000162   0x00000000   Code   RO         2950    .ARM.Collect$$libinit$$0000000E  c_w.l(libinit2.o)
    0x08000162   0x08000162   0x00000006   Code   RO         2951    .ARM.Collect$$libinit$$0000000F  c_w.l(libinit2.o)
    0x08000168   0x08000168   0x00000000   Code   RO         2953    .ARM.Collect$$libinit$$00000011  c_w.l(libinit2.o)
    0x08000168   0x08000168   0x0000000c   Code   RO         2954    .ARM.Collect$$libinit$$00000012  c_w.l(libinit2.o)
    0x08000174   0x08000174   0x00000000   Code   RO         2955    .ARM.Collect$$libinit$$00000013  c_w.l(libinit2.o)
    0x08000174   0x08000174   0x00000000   Code   RO         2957    .ARM.Collect$$libinit$$00000015  c_w.l(libinit2.o)
    0x08000174   0x08000174   0x00000000   Code   RO         2959    .ARM.Collect$$libinit$$00000017  c_w.l(libinit2.o)
    0x08000174   0x08000174   0x00000000   Code   RO         2961    .ARM.Collect$$libinit$$00000019  c_w.l(libinit2.o)
    0x08000174   0x08000174   0x00000000   Code   RO         2963    .ARM.Collect$$libinit$$0000001B  c_w.l(libinit2.o)
    0x08000174   0x08000174   0x00000000   Code   RO         2965    .ARM.Collect$$libinit$$0000001D  c_w.l(libinit2.o)
    0x08000174   0x08000174   0x00000000   Code   RO         2967    .ARM.Collect$$libinit$$0000001F  c_w.l(libinit2.o)
    0x08000174   0x08000174   0x00000000   Code   RO         2969    .ARM.Collect$$libinit$$00000021  c_w.l(libinit2.o)
    0x08000174   0x08000174   0x00000000   Code   RO         2971    .ARM.Collect$$libinit$$00000023  c_w.l(libinit2.o)
    0x08000174   0x08000174   0x00000000   Code   RO         2973    .ARM.Collect$$libinit$$00000025  c_w.l(libinit2.o)
    0x08000174   0x08000174   0x00000000   Code   RO         2977    .ARM.Collect$$libinit$$0000002C  c_w.l(libinit2.o)
    0x08000174   0x08000174   0x00000000   Code   RO         2979    .ARM.Collect$$libinit$$0000002E  c_w.l(libinit2.o)
    0x08000174   0x08000174   0x00000000   Code   RO         2981    .ARM.Collect$$libinit$$00000030  c_w.l(libinit2.o)
    0x08000174   0x08000174   0x00000000   Code   RO         2983    .ARM.Collect$$libinit$$00000032  c_w.l(libinit2.o)
    0x08000174   0x08000174   0x00000002   Code   RO         2984    .ARM.Collect$$libinit$$00000033  c_w.l(libinit2.o)
    0x08000176   0x08000176   0x00000002   Code   RO         3006    .ARM.Collect$$libshutdown$$00000000  c_w.l(libshutdown.o)
    0x08000178   0x08000178   0x00000000   Code   RO         3019    .ARM.Collect$$libshutdown$$00000002  c_w.l(libshutdown2.o)
    0x08000178   0x08000178   0x00000000   Code   RO         3021    .ARM.Collect$$libshutdown$$00000004  c_w.l(libshutdown2.o)
    0x08000178   0x08000178   0x00000000   Code   RO         3024    .ARM.Collect$$libshutdown$$00000007  c_w.l(libshutdown2.o)
    0x08000178   0x08000178   0x00000000   Code   RO         3027    .ARM.Collect$$libshutdown$$0000000A  c_w.l(libshutdown2.o)
    0x08000178   0x08000178   0x00000000   Code   RO         3029    .ARM.Collect$$libshutdown$$0000000C  c_w.l(libshutdown2.o)
    0x08000178   0x08000178   0x00000000   Code   RO         3032    .ARM.Collect$$libshutdown$$0000000F  c_w.l(libshutdown2.o)
    0x08000178   0x08000178   0x00000002   Code   RO         3033    .ARM.Collect$$libshutdown$$00000010  c_w.l(libshutdown2.o)
    0x0800017a   0x0800017a   0x00000000   Code   RO         2864    .ARM.Collect$$rtentry$$00000000  c_w.l(__rtentry.o)
    0x0800017a   0x0800017a   0x00000000   Code   RO         2891    .ARM.Collect$$rtentry$$00000002  c_w.l(__rtentry2.o)
    0x0800017a   0x0800017a   0x00000006   Code   RO         2903    .ARM.Collect$$rtentry$$00000004  c_w.l(__rtentry4.o)
    0x08000180   0x08000180   0x00000000   Code   RO         2893    .ARM.Collect$$rtentry$$00000009  c_w.l(__rtentry2.o)
    0x08000180   0x08000180   0x00000004   Code   RO         2894    .ARM.Collect$$rtentry$$0000000A  c_w.l(__rtentry2.o)
    0x08000184   0x08000184   0x00000000   Code   RO         2896    .ARM.Collect$$rtentry$$0000000C  c_w.l(__rtentry2.o)
    0x08000184   0x08000184   0x00000008   Code   RO         2897    .ARM.Collect$$rtentry$$0000000D  c_w.l(__rtentry2.o)
    0x0800018c   0x0800018c   0x00000002   Code   RO         2930    .ARM.Collect$$rtexit$$00000000  c_w.l(rtexit.o)
    0x0800018e   0x0800018e   0x00000000   Code   RO         2986    .ARM.Collect$$rtexit$$00000002  c_w.l(rtexit2.o)
    0x0800018e   0x0800018e   0x00000004   Code   RO         2987    .ARM.Collect$$rtexit$$00000003  c_w.l(rtexit2.o)
    0x08000192   0x08000192   0x00000006   Code   RO         2988    .ARM.Collect$$rtexit$$00000004  c_w.l(rtexit2.o)
    0x08000198   0x08000198   0x00000040   Code   RO            4    .text               startup_stm32f103xb.o
    0x080001d8   0x080001d8   0x0000003c   Code   RO         2798    .text               c_w.l(__0sscanf.o)
    0x08000214   0x08000214   0x0000014c   Code   RO         2800    .text               c_w.l(_scanf_int.o)
    0x08000360   0x08000360   0x0000004e   Code   RO         2802    .text               c_w.l(rt_memclr_w.o)
    0x080003ae   0x080003ae   0x00000006   Code   RO         2804    .text               c_w.l(heapauxi.o)
    0x080003b4   0x080003b4   0x0000001c   Code   RO         2865    .text               c_w.l(_chval.o)
    0x080003d0   0x080003d0   0x0000002c   Code   RO         2867    .text               c_w.l(scanf_char.o)
    0x080003fc   0x080003fc   0x00000040   Code   RO         2869    .text               c_w.l(_sgetc.o)
    0x0800043c   0x0800043c   0x00000012   Code   RO         2905    .text               c_w.l(isspace.o)
    0x0800044e   0x0800044e   0x00000002   PAD
    0x08000450   0x08000450   0x00000374   Code   RO         2907    .text               c_w.l(_scanf.o)
    0x080007c4   0x080007c4   0x0000004a   Code   RO         2913    .text               c_w.l(sys_stackheap_outer.o)
    0x0800080e   0x0800080e   0x00000002   PAD
    0x08000810   0x08000810   0x00000010   Code   RO         2915    .text               c_w.l(rt_ctype_table.o)
    0x08000820   0x08000820   0x00000012   Code   RO         2917    .text               c_w.l(exit.o)
    0x08000832   0x08000832   0x00000002   PAD
    0x08000834   0x08000834   0x00000008   Code   RO         2927    .text               c_w.l(libspace.o)
    0x0800083c   0x0800083c   0x00000008   Code   RO         2935    .text               c_w.l(rt_locale_intlibspace.o)
    0x08000844   0x08000844   0x00000080   Code   RO         2992    .text               c_w.l(strcmpv7m.o)
    0x080008c4   0x080008c4   0x0000000c   Code   RO         2998    .text               c_w.l(sys_exit.o)
    0x080008d0   0x080008d0   0x00000002   Code   RO         3009    .text               c_w.l(use_no_semi.o)
    0x080008d2   0x080008d2   0x00000000   Code   RO         3011    .text               c_w.l(indicate_semi.o)
    0x080008d2   0x080008d2   0x00000002   PAD
    0x080008d4   0x080008d4   0x0000006c   Code   RO           13    i.Anti_windup       main.o
    0x08000940   0x08000940   0x00000038   Code   RO           14    i.Average_5_times   main.o
    0x08000978   0x08000978   0x00000002   Code   RO          246    i.BusFault_Handler  stm32f1xx_it.o
    0x0800097a   0x0800097a   0x00000002   Code   RO          247    i.DebugMon_Handler  stm32f1xx_it.o
    0x0800097c   0x0800097c   0x000001e0   Code   RO         1736    i.HAL_GPIO_Init     stm32f1xx_hal_gpio.o
    0x08000b5c   0x08000b5c   0x0000000a   Code   RO         1740    i.HAL_GPIO_WritePin  stm32f1xx_hal_gpio.o
    0x08000b66   0x08000b66   0x00000002   PAD
    0x08000b68   0x08000b68   0x0000000c   Code   RO         1430    i.HAL_GetTick       stm32f1xx_hal.o
    0x08000b74   0x08000b74   0x00000010   Code   RO         1436    i.HAL_IncTick       stm32f1xx_hal.o
    0x08000b84   0x08000b84   0x00000024   Code   RO         1437    i.HAL_Init          stm32f1xx_hal.o
    0x08000ba8   0x08000ba8   0x00000040   Code   RO         1438    i.HAL_InitTick      stm32f1xx_hal.o
    0x08000be8   0x08000be8   0x0000003c   Code   RO          332    i.HAL_MspInit       stm32f1xx_hal_msp.o
    0x08000c24   0x08000c24   0x0000001a   Code   RO         1896    i.HAL_NVIC_EnableIRQ  stm32f1xx_hal_cortex.o
    0x08000c3e   0x08000c3e   0x00000002   PAD
    0x08000c40   0x08000c40   0x00000040   Code   RO         1902    i.HAL_NVIC_SetPriority  stm32f1xx_hal_cortex.o
    0x08000c80   0x08000c80   0x00000024   Code   RO         1903    i.HAL_NVIC_SetPriorityGrouping  stm32f1xx_hal_cortex.o
    0x08000ca4   0x08000ca4   0x0000012c   Code   RO         1594    i.HAL_RCC_ClockConfig  stm32f1xx_hal_rcc.o
    0x08000dd0   0x08000dd0   0x0000004c   Code   RO         1603    i.HAL_RCC_GetSysClockFreq  stm32f1xx_hal_rcc.o
    0x08000e1c   0x08000e1c   0x00000320   Code   RO         1606    i.HAL_RCC_OscConfig  stm32f1xx_hal_rcc.o
    0x0800113c   0x0800113c   0x00000028   Code   RO         1907    i.HAL_SYSTICK_Config  stm32f1xx_hal_cortex.o
    0x08001164   0x08001164   0x00000002   Code   RO         1152    i.HAL_TIMEx_BreakCallback  stm32f1xx_hal_tim_ex.o
    0x08001166   0x08001166   0x00000002   Code   RO         1153    i.HAL_TIMEx_CommutCallback  stm32f1xx_hal_tim_ex.o
    0x08001168   0x08001168   0x00000054   Code   RO         1155    i.HAL_TIMEx_ConfigBreakDeadTime  stm32f1xx_hal_tim_ex.o
    0x080011bc   0x080011bc   0x00000068   Code   RO         1171    i.HAL_TIMEx_MasterConfigSynchronization  stm32f1xx_hal_tim_ex.o
    0x08001224   0x08001224   0x0000005a   Code   RO          448    i.HAL_TIM_Base_Init  stm32f1xx_hal_tim.o
    0x0800127e   0x0800127e   0x00000002   PAD
    0x08001280   0x08001280   0x00000038   Code   RO          334    i.HAL_TIM_Base_MspInit  stm32f1xx_hal_msp.o
    0x080012b8   0x080012b8   0x00000058   Code   RO          453    i.HAL_TIM_Base_Start_IT  stm32f1xx_hal_tim.o
    0x08001310   0x08001310   0x000000dc   Code   RO          457    i.HAL_TIM_ConfigClockSource  stm32f1xx_hal_tim.o
    0x080013ec   0x080013ec   0x000000a4   Code   RO          469    i.HAL_TIM_Encoder_Init  stm32f1xx_hal_tim.o
    0x08001490   0x08001490   0x00000090   Code   RO          336    i.HAL_TIM_Encoder_MspInit  stm32f1xx_hal_msp.o
    0x08001520   0x08001520   0x0000008e   Code   RO          472    i.HAL_TIM_Encoder_Start  stm32f1xx_hal_tim.o
    0x080015ae   0x080015ae   0x00000002   Code   RO          482    i.HAL_TIM_IC_CaptureCallback  stm32f1xx_hal_tim.o
    0x080015b0   0x080015b0   0x00000166   Code   RO          496    i.HAL_TIM_IRQHandler  stm32f1xx_hal_tim.o
    0x08001716   0x08001716   0x00000002   PAD
    0x08001718   0x08001718   0x0000004c   Code   RO          337    i.HAL_TIM_MspPostInit  stm32f1xx_hal_msp.o
    0x08001764   0x08001764   0x00000002   Code   RO          499    i.HAL_TIM_OC_DelayElapsedCallback  stm32f1xx_hal_tim.o
    0x08001766   0x08001766   0x000000cc   Code   RO          520    i.HAL_TIM_PWM_ConfigChannel  stm32f1xx_hal_tim.o
    0x08001832   0x08001832   0x0000005a   Code   RO          523    i.HAL_TIM_PWM_Init  stm32f1xx_hal_tim.o
    0x0800188c   0x0800188c   0x00000028   Code   RO          339    i.HAL_TIM_PWM_MspInit  stm32f1xx_hal_msp.o
    0x080018b4   0x080018b4   0x00000002   Code   RO          526    i.HAL_TIM_PWM_PulseFinishedCallback  stm32f1xx_hal_tim.o
    0x080018b6   0x080018b6   0x00000002   PAD
    0x080018b8   0x080018b8   0x0000009c   Code   RO          528    i.HAL_TIM_PWM_Start  stm32f1xx_hal_tim.o
    0x08001954   0x08001954   0x00000230   Code   RO           16    i.HAL_TIM_PeriodElapsedCallback  main.o
    0x08001b84   0x08001b84   0x00000002   Code   RO          539    i.HAL_TIM_TriggerCallback  stm32f1xx_hal_tim.o
    0x08001b86   0x08001b86   0x0000001c   Code   RO         2431    i.HAL_UART_Receive_IT  stm32f1xx_hal_uart.o
    0x08001ba2   0x08001ba2   0x00000002   Code   RO          248    i.HardFault_Handler  stm32f1xx_it.o
    0x08001ba4   0x08001ba4   0x00000070   Code   RO           17    i.MX_GPIO_Init      main.o
    0x08001c14   0x08001c14   0x000000b0   Code   RO           18    i.MX_TIM1_Init      main.o
    0x08001cc4   0x08001cc4   0x00000064   Code   RO           19    i.MX_TIM2_Init      main.o
    0x08001d28   0x08001d28   0x0000006c   Code   RO           20    i.MX_TIM3_Init      main.o
    0x08001d94   0x08001d94   0x00000070   Code   RO           21    i.MX_TIM4_Init      main.o
    0x08001e04   0x08001e04   0x00000002   Code   RO          249    i.MemManage_Handler  stm32f1xx_it.o
    0x08001e06   0x08001e06   0x00000002   Code   RO          250    i.NMI_Handler       stm32f1xx_it.o
    0x08001e08   0x08001e08   0x00000098   Code   RO           22    i.PID_WL            main.o
    0x08001ea0   0x08001ea0   0x00000094   Code   RO           23    i.PID_WR            main.o
    0x08001f34   0x08001f34   0x00000002   Code   RO          251    i.PendSV_Handler    stm32f1xx_it.o
    0x08001f36   0x08001f36   0x00000002   Code   RO          252    i.SVC_Handler       stm32f1xx_it.o
    0x08001f38   0x08001f38   0x00000004   Code   RO          253    i.SysTick_Handler   stm32f1xx_it.o
    0x08001f3c   0x08001f3c   0x0000005e   Code   RO           24    i.SystemClock_Config  main.o
    0x08001f9a   0x08001f9a   0x00000002   Code   RO         2760    i.SystemInit        system_stm32f1xx.o
    0x08001f9c   0x08001f9c   0x0000000c   Code   RO          254    i.TIM2_IRQHandler   stm32f1xx_it.o
    0x08001fa8   0x08001fa8   0x0000006c   Code   RO          541    i.TIM_Base_SetConfig  stm32f1xx_hal_tim.o
    0x08002014   0x08002014   0x0000001a   Code   RO          542    i.TIM_CCxChannelCmd  stm32f1xx_hal_tim.o
    0x0800202e   0x0800202e   0x00000014   Code   RO          552    i.TIM_ETR_SetConfig  stm32f1xx_hal_tim.o
    0x08002042   0x08002042   0x00000010   Code   RO          553    i.TIM_ITRx_SetConfig  stm32f1xx_hal_tim.o
    0x08002052   0x08002052   0x00000002   PAD
    0x08002054   0x08002054   0x00000050   Code   RO          554    i.TIM_OC1_SetConfig  stm32f1xx_hal_tim.o
    0x080020a4   0x080020a4   0x00000058   Code   RO          555    i.TIM_OC2_SetConfig  stm32f1xx_hal_tim.o
    0x080020fc   0x080020fc   0x00000058   Code   RO          556    i.TIM_OC3_SetConfig  stm32f1xx_hal_tim.o
    0x08002154   0x08002154   0x00000044   Code   RO          557    i.TIM_OC4_SetConfig  stm32f1xx_hal_tim.o
    0x08002198   0x08002198   0x00000022   Code   RO          559    i.TIM_TI1_ConfigInputStage  stm32f1xx_hal_tim.o
    0x080021ba   0x080021ba   0x00000024   Code   RO          561    i.TIM_TI2_ConfigInputStage  stm32f1xx_hal_tim.o
    0x080021de   0x080021de   0x00000036   Code   RO         2454    i.UART_Start_Receive_IT  stm32f1xx_hal_uart.o
    0x08002214   0x08002214   0x0000005c   Code   RO           25    i.USART3_IRQHandler  main.o
    0x08002270   0x08002270   0x0000001c   Code   RO           27    i.USART3_en         main.o
    0x0800228c   0x0800228c   0x00000048   Code   RO           28    i.USART3_init       main.o
    0x080022d4   0x080022d4   0x00000002   Code   RO          255    i.UsageFault_Handler  stm32f1xx_it.o
    0x080022d6   0x080022d6   0x00000020   Code   RO         1909    i.__NVIC_SetPriority  stm32f1xx_hal_cortex.o
    0x080022f6   0x080022f6   0x00000002   PAD
    0x080022f8   0x080022f8   0x00000068   Code   RO           29    i.main              main.o
    0x08002360   0x08002360   0x00000060   Code   RO           30    i.rotateDC          main.o
    0x080023c0   0x080023c0   0x00000094   Code   RO         2862    i.round             m_ws.l(round.o)
    0x08002454   0x08002454   0x0000002c   Code   RO         2938    locale$$code        c_w.l(lc_ctype_c.o)
    0x08002480   0x08002480   0x00000062   Code   RO         2808    x$fpl$d2f           fz_ws.l(d2f.o)
    0x080024e2   0x080024e2   0x00000002   PAD
    0x080024e4   0x080024e4   0x00000150   Code   RO         2810    x$fpl$dadd          fz_ws.l(daddsub_clz.o)
    0x08002634   0x08002634   0x00000018   Code   RO         2909    x$fpl$dcmpinf       fz_ws.l(dcmpi.o)
    0x0800264c   0x0800264c   0x000002b0   Code   RO         2817    x$fpl$ddiv          fz_ws.l(ddiv.o)
    0x080028fc   0x080028fc   0x0000005a   Code   RO         2820    x$fpl$dfixu         fz_ws.l(dfixu.o)
    0x08002956   0x08002956   0x0000002e   Code   RO         2825    x$fpl$dflt          fz_ws.l(dflt_clz.o)
    0x08002984   0x08002984   0x00000026   Code   RO         2824    x$fpl$dfltu         fz_ws.l(dflt_clz.o)
    0x080029aa   0x080029aa   0x00000002   PAD
    0x080029ac   0x080029ac   0x00000078   Code   RO         2871    x$fpl$dleqf         fz_ws.l(dleqf.o)
    0x08002a24   0x08002a24   0x00000154   Code   RO         2830    x$fpl$dmul          fz_ws.l(dmul.o)
    0x08002b78   0x08002b78   0x0000009c   Code   RO         2873    x$fpl$dnaninf       fz_ws.l(dnaninf.o)
    0x08002c14   0x08002c14   0x0000000c   Code   RO         2875    x$fpl$dretinf       fz_ws.l(dretinf.o)
    0x08002c20   0x08002c20   0x0000006c   Code   RO         2877    x$fpl$drleqf        fz_ws.l(drleqf.o)
    0x08002c8c   0x08002c8c   0x000000b4   Code   RO         2879    x$fpl$drnd          fz_ws.l(drnd.o)
    0x08002d40   0x08002d40   0x00000016   Code   RO         2811    x$fpl$drsb          fz_ws.l(daddsub_clz.o)
    0x08002d56   0x08002d56   0x00000002   PAD
    0x08002d58   0x08002d58   0x000001d4   Code   RO         2812    x$fpl$dsub          fz_ws.l(daddsub_clz.o)
    0x08002f2c   0x08002f2c   0x00000056   Code   RO         2832    x$fpl$f2d           fz_ws.l(f2d.o)
    0x08002f82   0x08002f82   0x00000002   PAD
    0x08002f84   0x08002f84   0x000000c4   Code   RO         2834    x$fpl$fadd          fz_ws.l(faddsub_clz.o)
    0x08003048   0x08003048   0x0000000c   Code   RO         2881    x$fpl$fcheck1       fz_ws.l(fcheck1.o)
    0x08003054   0x08003054   0x00000018   Code   RO         2883    x$fpl$fcmpinf       fz_ws.l(fcmpi.o)
    0x0800306c   0x0800306c   0x00000184   Code   RO         2841    x$fpl$fdiv          fz_ws.l(fdiv.o)
    0x080031f0   0x080031f0   0x0000003e   Code   RO         2844    x$fpl$ffixu         fz_ws.l(ffixu.o)
    0x0800322e   0x0800322e   0x00000002   PAD
    0x08003230   0x08003230   0x00000030   Code   RO         2849    x$fpl$fflt          fz_ws.l(fflt_clz.o)
    0x08003260   0x08003260   0x00000026   Code   RO         2848    x$fpl$ffltu         fz_ws.l(fflt_clz.o)
    0x08003286   0x08003286   0x00000002   PAD
    0x08003288   0x08003288   0x00000068   Code   RO         2854    x$fpl$fleqf         fz_ws.l(fleqf.o)
    0x080032f0   0x080032f0   0x00000102   Code   RO         2856    x$fpl$fmul          fz_ws.l(fmul.o)
    0x080033f2   0x080033f2   0x0000008c   Code   RO         2885    x$fpl$fnaninf       fz_ws.l(fnaninf.o)
    0x0800347e   0x0800347e   0x0000000a   Code   RO         2887    x$fpl$fretinf       fz_ws.l(fretinf.o)
    0x08003488   0x08003488   0x00000062   Code   RO         2858    x$fpl$frleqf        fz_ws.l(frleqf.o)
    0x080034ea   0x080034ea   0x00000002   PAD
    0x080034ec   0x080034ec   0x000000ea   Code   RO         2836    x$fpl$fsub          fz_ws.l(faddsub_clz.o)
    0x080035d6   0x080035d6   0x00000064   Code   RO         2911    x$fpl$retnan        fz_ws.l(retnan.o)
    0x0800363a   0x0800363a   0x0000004c   Code   RO         2860    x$fpl$scalbnf       fz_ws.l(scalbnf.o)
    0x08003686   0x08003686   0x00000030   Code   RO         2925    x$fpl$trapveneer    fz_ws.l(trapv.o)
    0x080036b6   0x080036b6   0x00000000   Code   RO         2889    x$fpl$usenofp       fz_ws.l(usenofp.o)
    0x080036b6   0x080036b6   0x00000012   Data   RO         1607    .constdata          stm32f1xx_hal_rcc.o
    0x080036c8   0x080036c8   0x00000010   Data   RO         2761    .constdata          system_stm32f1xx.o
    0x080036d8   0x080036d8   0x00000020   Data   RO         3064    Region$$Table       anon$$obj.o
    0x080036f8   0x080036f8   0x00000110   Data   RO         2937    locale$$data        c_w.l(lc_ctype_c.o)


    Execution Region RW_IRAM1 (Exec base: 0x20000000, Load base: 0x08003808, Size: 0x00000950, Max: 0x00005000, ABSOLUTE)

    Exec Addr    Load Addr    Size         Type   Attr      Idx    E Section Name        Object

    0x20000000   0x08003808   0x000000c0   Data   RW           32    .data               main.o
    0x200000c0   0x080038c8   0x0000000c   Data   RW         1444    .data               stm32f1xx_hal.o
    0x200000cc   0x080038d4   0x00000004   Data   RW         2763    .data               system_stm32f1xx.o
    0x200000d0        -       0x0000021c   Zero   RW           31    .bss                main.o
    0x200002ec        -       0x00000060   Zero   RW         2928    .bss                c_w.l(libspace.o)
    0x2000034c   0x080038d8   0x00000004   PAD
    0x20000350        -       0x00000200   Zero   RW            2    HEAP                startup_stm32f103xb.o
    0x20000550        -       0x00000400   Zero   RW            1    STACK               startup_stm32f103xb.o


==============================================================================

Image component sizes


      Code (inc. data)   RO Data    RW Data    ZI Data      Debug   Object Name

      2118        182          0        192        540     462776   main.o
        64         26        236          0       1536        808   startup_stm32f103xb.o
       128         24          0         12          0       5277   stm32f1xx_hal.o
       198         14          0          0          0      28923   stm32f1xx_hal_cortex.o
       490         34          0          0          0       2880   stm32f1xx_hal_gpio.o
       376         56          0          0          0       3479   stm32f1xx_hal_msp.o
      1176         60         18          0          0       3974   stm32f1xx_hal_rcc.o
      2084         58          0          0          0      17331   stm32f1xx_hal_tim.o
       192         12          0          0          0       3173   stm32f1xx_hal_tim_ex.o
        82          0          0          0          0       2002   stm32f1xx_hal_uart.o
        32          6          0          0          0       4268   stm32f1xx_it.o
         2          0         16          4          0       1107   system_stm32f1xx.o

    ----------------------------------------------------------------------
      6956        472        302        208       2076     535998   Object Totals
         0          0         32          0          0          0   (incl. Generated)
        14          0          0          0          0          0   (incl. Padding)

    ----------------------------------------------------------------------

      Code (inc. data)   RO Data    RW Data    ZI Data      Debug   Library Member Name

        60          8          0          0          0         84   __0sscanf.o
         8          0          0          0          0         68   __main.o
         0          0          0          0          0          0   __rtentry.o
        12          0          0          0          0          0   __rtentry2.o
         6          0          0          0          0          0   __rtentry4.o
        52          8          0          0          0          0   __scatter.o
        26          0          0          0          0          0   __scatter_copy.o
        28          0          0          0          0          0   __scatter_zi.o
        28          0          0          0          0         68   _chval.o
       884          6          0          0          0        100   _scanf.o
       332          0          0          0          0         96   _scanf_int.o
        64          0          0          0          0         84   _sgetc.o
        18          0          0          0          0         80   exit.o
         6          0          0          0          0        152   heapauxi.o
         0          0          0          0          0          0   indicate_semi.o
        18          0          0          0          0         76   isspace.o
        44         10        272          0          0         76   lc_ctype_c.o
         2          0          0          0          0          0   libinit.o
        20          0          0          0          0          0   libinit2.o
         2          0          0          0          0          0   libshutdown.o
         2          0          0          0          0          0   libshutdown2.o
         8          4          0          0         96         68   libspace.o
        16          4          0          0          0         76   rt_ctype_table.o
         8          4          0          0          0         68   rt_locale_intlibspace.o
        78          0          0          0          0         80   rt_memclr_w.o
         2          0          0          0          0          0   rtexit.o
        10          0          0          0          0          0   rtexit2.o
        44          8          0          0          0         84   scanf_char.o
       128          0          0          0          0         68   strcmpv7m.o
        12          4          0          0          0         68   sys_exit.o
        74          0          0          0          0         80   sys_stackheap_outer.o
         2          0          0          0          0         68   use_no_semi.o
        98          4          0          0          0         92   d2f.o
       826         16          0          0          0        348   daddsub_clz.o
        24          0          0          0          0         68   dcmpi.o
       688        140          0          0          0        208   ddiv.o
        90          4          0          0          0         92   dfixu.o
        84          0          0          0          0        136   dflt_clz.o
       120          4          0          0          0         92   dleqf.o
       340         12          0          0          0        104   dmul.o
       156          4          0          0          0         92   dnaninf.o
        12          0          0          0          0         68   dretinf.o
       108          0          0          0          0         80   drleqf.o
       180          4          0          0          0         80   drnd.o
        86          4          0          0          0         84   f2d.o
       430          8          0          0          0        168   faddsub_clz.o
        12          4          0          0          0         68   fcheck1.o
        24          0          0          0          0         68   fcmpi.o
       388         76          0          0          0         96   fdiv.o
        62          4          0          0          0         84   ffixu.o
        86          0          0          0          0        136   fflt_clz.o
       104          4          0          0          0         84   fleqf.o
       258          4          0          0          0         84   fmul.o
       140          4          0          0          0         84   fnaninf.o
        10          0          0          0          0         68   fretinf.o
        98          0          0          0          0         68   frleqf.o
       100          0          0          0          0         68   retnan.o
        76          0          0          0          0         68   scalbnf.o
        48          0          0          0          0         68   trapv.o
         0          0          0          0          0          0   usenofp.o
       148         12          0          0          0         88   round.o

    ----------------------------------------------------------------------
      6814        364        272          0        100       4388   Library Totals
        24          0          0          0          4          0   (incl. Padding)

    ----------------------------------------------------------------------

      Code (inc. data)   RO Data    RW Data    ZI Data      Debug   Library Name

      1994         56        272          0         96       1544   c_w.l
      4648        296          0          0          0       2756   fz_ws.l
       148         12          0          0          0         88   m_ws.l

    ----------------------------------------------------------------------
      6814        364        272          0        100       4388   Library Totals

    ----------------------------------------------------------------------

==============================================================================


      Code (inc. data)   RO Data    RW Data    ZI Data      Debug   

     13770        836        574        208       2176     534246   Grand Totals
     13770        836        574        208       2176     534246   ELF Image Totals
     13770        836        574        208          0          0   ROM Totals

==============================================================================

    Total RO  Size (Code + RO Data)                14344 (  14.01kB)
    Total RW  Size (RW Data + ZI Data)              2384 (   2.33kB)
    Total ROM Size (Code + RO Data + RW Data)      14552 (  14.21kB)

==============================================================================

